CCS PCH C Compiler, Version 5.015, 5967               04-abr-18 05:39

               Filename:   C:\Users\VAIO\Desktop\class_micro\CCS C Projects\ADC_lcd\adc_lcd.lst

               ROM used:   2284 bytes (7%)
                           Largest free fragment is 30484
               RAM used:   12 (1%) at main() level
                           36 (2%) worst case
               Stack used: 6 locations
               Stack size: 31

*
0000:  GOTO   07D6
.................... #include <adc_lcd.h> 
.................... #include <18F4550.h> 
.................... //////////// Standard Header file for the PIC18F4550 device //////////////// 
.................... /////////////////////////////////////////////////////////////////////////// 
.................... ////        (C) Copyright 1996, 2013 Custom Computer Services          //// 
.................... //// This source code may only be used by licensed users of the CCS C  //// 
.................... //// compiler.  This source code may only be distributed to other      //// 
.................... //// licensed users of the CCS C compiler.  No other use, reproduction //// 
.................... //// or distribution is permitted without written permission.          //// 
.................... //// Derivative programs created using this software in object code    //// 
.................... //// form are not restricted in any way.                               //// 
.................... /////////////////////////////////////////////////////////////////////////// 
.................... #device PIC18F4550 
0004:  DATA 0C,4C
0006:  DATA 65,79
0008:  DATA 65,6E
000A:  DATA 64,6F
000C:  DATA 20,41
000E:  DATA 44,43
0010:  DATA 00,00
0012:  DATA 0C,41
0014:  DATA 44,43
0016:  DATA 3A,20
0018:  DATA 25,34
001A:  DATA 4C,75
001C:  DATA 00,00
001E:  DATA 0A,56
0020:  DATA 6F,6C
0022:  DATA 74,61
0024:  DATA 6A,65
0026:  DATA 3A,20
0028:  DATA 25,31
002A:  DATA 2E,32
002C:  DATA 66,56
002E:  DATA 00,00
*
01EA:  TBLRD*+
01EC:  MOVF   FF5,F
01EE:  BZ    0208
01F0:  MOVFF  FF6,0B
01F4:  MOVFF  FF7,0C
01F8:  MOVFF  FF5,18
01FC:  RCALL  019A
01FE:  MOVFF  0B,FF6
0202:  MOVFF  0C,FF7
0206:  BRA    01EA
0208:  GOTO   082A (RETURN)
020C:  TBLRD*+
020E:  MOVFF  FF6,0C
0212:  MOVFF  FF7,0D
0216:  MOVFF  FF5,18
021A:  RCALL  019A
021C:  MOVFF  0C,FF6
0220:  MOVFF  0D,FF7
0224:  DECFSZ 0B,F
0226:  BRA    020C
0228:  RETURN 0
022A:  MOVFF  FEA,13
022E:  MOVFF  FE9,12
0232:  SWAPF  0C,W
0234:  IORLW  F0
0236:  MOVWF  0E
0238:  ADDWF  0E,F
023A:  ADDLW  E2
023C:  MOVWF  0F
023E:  ADDLW  32
0240:  MOVWF  11
0242:  MOVF   0C,W
0244:  ANDLW  0F
0246:  ADDWF  0F,F
0248:  ADDWF  0F,F
024A:  ADDWF  11,F
024C:  ADDLW  E9
024E:  MOVWF  10
0250:  ADDWF  10,F
0252:  ADDWF  10,F
0254:  SWAPF  0B,W
0256:  ANDLW  0F
0258:  ADDWF  10,F
025A:  ADDWF  11,F
025C:  RLCF   10,F
025E:  RLCF   11,F
0260:  COMF   11,F
0262:  RLCF   11,F
0264:  MOVF   0B,W
0266:  ANDLW  0F
0268:  ADDWF  11,F
026A:  RLCF   0E,F
026C:  MOVLW  07
026E:  MOVWF  0D
0270:  MOVLW  0A
0272:  DECF   10,F
0274:  ADDWF  11,F
0276:  BNC   0272
0278:  DECF   0F,F
027A:  ADDWF  10,F
027C:  BNC   0278
027E:  DECF   0E,F
0280:  ADDWF  0F,F
0282:  BNC   027E
0284:  DECF   0D,F
0286:  ADDWF  0E,F
0288:  BNC   0284
028A:  CLRF   FEA
028C:  MOVLW  0D
028E:  MOVWF  FE9
0290:  MOVLW  07
0292:  ANDWF  12,W
0294:  BCF    12.6
0296:  ADDWF  FE9,F
0298:  MOVLW  00
029A:  ADDWFC FEA,F
029C:  MOVF   FE9,W
029E:  SUBLW  11
02A0:  BNZ   02A8
02A2:  MOVF   FEA,F
02A4:  BNZ   02A8
02A6:  BSF    12.6
02A8:  MOVF   FEF,W
02AA:  MOVWF  00
02AC:  BNZ   02BE
02AE:  BTFSC  12.6
02B0:  BRA    02BE
02B2:  BTFSC  12.4
02B4:  BRA    02DC
02B6:  BTFSC  12.3
02B8:  BRA    02BE
02BA:  MOVLW  20
02BC:  BRA    02C4
02BE:  BSF    12.3
02C0:  BCF    12.4
02C2:  MOVLW  30
02C4:  ADDWF  00,F
02C6:  MOVFF  FEA,0C
02CA:  MOVFF  FE9,0B
02CE:  MOVFF  00,18
02D2:  RCALL  019A
02D4:  MOVFF  0C,FEA
02D8:  MOVFF  0B,FE9
02DC:  MOVF   FEE,W
02DE:  BTFSS  12.6
02E0:  BRA    029C
02E2:  GOTO   0864 (RETURN)
02E6:  MOVF   0B,W
02E8:  MULWF  0D
02EA:  MOVFF  FF3,01
02EE:  MOVFF  FF4,00
02F2:  MULWF  0E
02F4:  MOVF   FF3,W
02F6:  ADDWF  00,F
02F8:  MOVF   0C,W
02FA:  MULWF  0D
02FC:  MOVF   FF3,W
02FE:  ADDWFC 00,W
0300:  MOVWF  02
0302:  GOTO   0874 (RETURN)
0306:  MOVLW  8E
0308:  MOVWF  00
030A:  MOVFF  0E,01
030E:  MOVFF  0D,02
0312:  CLRF   03
0314:  MOVF   01,F
0316:  BNZ   032A
0318:  MOVFF  02,01
031C:  CLRF   02
031E:  MOVLW  08
0320:  SUBWF  00,F
0322:  MOVF   01,F
0324:  BNZ   032A
0326:  CLRF   00
0328:  BRA    033A
032A:  BCF    FD8.0
032C:  BTFSC  01.7
032E:  BRA    0338
0330:  RLCF   02,F
0332:  RLCF   01,F
0334:  DECF   00,F
0336:  BRA    032A
0338:  BCF    01.7
033A:  GOTO   0886 (RETURN)
033E:  MOVF   0D,W
0340:  BTFSC  FD8.2
0342:  BRA    048E
0344:  MOVWF  19
0346:  MOVF   11,W
0348:  BTFSC  FD8.2
034A:  BRA    048E
034C:  SUBWF  19,F
034E:  BNC   035A
0350:  MOVLW  7F
0352:  ADDWF  19,F
0354:  BTFSC  FD8.0
0356:  BRA    048E
0358:  BRA    0366
035A:  MOVLW  81
035C:  SUBWF  19,F
035E:  BTFSS  FD8.0
0360:  BRA    048E
0362:  BTFSC  FD8.2
0364:  BRA    048E
0366:  MOVFF  19,00
036A:  CLRF   01
036C:  CLRF   02
036E:  CLRF   03
0370:  CLRF   18
0372:  MOVFF  0E,17
0376:  BSF    17.7
0378:  MOVFF  0F,16
037C:  MOVFF  10,15
0380:  MOVLW  19
0382:  MOVWF  19
0384:  MOVF   14,W
0386:  SUBWF  15,F
0388:  BC    03A4
038A:  MOVLW  01
038C:  SUBWF  16,F
038E:  BC    03A4
0390:  SUBWF  17,F
0392:  BC    03A4
0394:  SUBWF  18,F
0396:  BC    03A4
0398:  INCF   18,F
039A:  INCF   17,F
039C:  INCF   16,F
039E:  MOVF   14,W
03A0:  ADDWF  15,F
03A2:  BRA    03F4
03A4:  MOVF   13,W
03A6:  SUBWF  16,F
03A8:  BC    03CE
03AA:  MOVLW  01
03AC:  SUBWF  17,F
03AE:  BC    03CE
03B0:  SUBWF  18,F
03B2:  BC    03CE
03B4:  INCF   18,F
03B6:  INCF   17,F
03B8:  MOVF   13,W
03BA:  ADDWF  16,F
03BC:  MOVF   14,W
03BE:  ADDWF  15,F
03C0:  BNC   03F4
03C2:  INCF   16,F
03C4:  BNZ   03F4
03C6:  INCF   17,F
03C8:  BNZ   03F4
03CA:  INCF   18,F
03CC:  BRA    03F4
03CE:  MOVF   12,W
03D0:  IORLW  80
03D2:  SUBWF  17,F
03D4:  BC    03F2
03D6:  MOVLW  01
03D8:  SUBWF  18,F
03DA:  BC    03F2
03DC:  INCF   18,F
03DE:  MOVF   12,W
03E0:  IORLW  80
03E2:  ADDWF  17,F
03E4:  MOVF   13,W
03E6:  ADDWF  16,F
03E8:  BNC   03BC
03EA:  INCF   17,F
03EC:  BNZ   03BC
03EE:  INCF   18,F
03F0:  BRA    03BC
03F2:  BSF    03.0
03F4:  DECFSZ 19,F
03F6:  BRA    03FA
03F8:  BRA    0410
03FA:  BCF    FD8.0
03FC:  RLCF   15,F
03FE:  RLCF   16,F
0400:  RLCF   17,F
0402:  RLCF   18,F
0404:  BCF    FD8.0
0406:  RLCF   03,F
0408:  RLCF   02,F
040A:  RLCF   01,F
040C:  RLCF   1A,F
040E:  BRA    0384
0410:  BTFSS  1A.0
0412:  BRA    0420
0414:  BCF    FD8.0
0416:  RRCF   01,F
0418:  RRCF   02,F
041A:  RRCF   03,F
041C:  RRCF   1A,F
041E:  BRA    0424
0420:  DECF   00,F
0422:  BZ    048E
0424:  BTFSC  1A.7
0426:  BRA    0464
0428:  BCF    FD8.0
042A:  RLCF   15,F
042C:  RLCF   16,F
042E:  RLCF   17,F
0430:  RLCF   18,F
0432:  MOVF   14,W
0434:  SUBWF  15,F
0436:  BC    0446
0438:  MOVLW  01
043A:  SUBWF  16,F
043C:  BC    0446
043E:  SUBWF  17,F
0440:  BC    0446
0442:  SUBWF  18,F
0444:  BNC   047A
0446:  MOVF   13,W
0448:  SUBWF  16,F
044A:  BC    0456
044C:  MOVLW  01
044E:  SUBWF  17,F
0450:  BC    0456
0452:  SUBWF  18,F
0454:  BNC   047A
0456:  MOVF   12,W
0458:  IORLW  80
045A:  SUBWF  17,F
045C:  BC    0464
045E:  MOVLW  01
0460:  SUBWF  18,F
0462:  BNC   047A
0464:  INCF   03,F
0466:  BNZ   047A
0468:  INCF   02,F
046A:  BNZ   047A
046C:  INCF   01,F
046E:  BNZ   047A
0470:  INCF   00,F
0472:  BZ    048E
0474:  RRCF   01,F
0476:  RRCF   02,F
0478:  RRCF   03,F
047A:  MOVFF  0E,19
047E:  MOVF   12,W
0480:  XORWF  19,F
0482:  BTFSS  19.7
0484:  BRA    048A
0486:  BSF    01.7
0488:  BRA    0496
048A:  BCF    01.7
048C:  BRA    0496
048E:  CLRF   00
0490:  CLRF   01
0492:  CLRF   02
0494:  CLRF   03
0496:  GOTO   08A2 (RETURN)
049A:  MOVF   18,W
049C:  BTFSC  FD8.2
049E:  BRA    0582
04A0:  MOVWF  00
04A2:  MOVF   1C,W
04A4:  BTFSC  FD8.2
04A6:  BRA    0582
04A8:  ADDWF  00,F
04AA:  BNC   04B4
04AC:  MOVLW  81
04AE:  ADDWF  00,F
04B0:  BC    0582
04B2:  BRA    04BC
04B4:  MOVLW  7F
04B6:  SUBWF  00,F
04B8:  BNC   0582
04BA:  BZ    0582
04BC:  MOVFF  19,20
04C0:  MOVF   1D,W
04C2:  XORWF  20,F
04C4:  BSF    19.7
04C6:  BSF    1D.7
04C8:  MOVF   1B,W
04CA:  MULWF  1F
04CC:  MOVFF  FF4,22
04D0:  MOVF   1A,W
04D2:  MULWF  1E
04D4:  MOVFF  FF4,03
04D8:  MOVFF  FF3,21
04DC:  MULWF  1F
04DE:  MOVF   FF3,W
04E0:  ADDWF  22,F
04E2:  MOVF   FF4,W
04E4:  ADDWFC 21,F
04E6:  MOVLW  00
04E8:  ADDWFC 03,F
04EA:  MOVF   1B,W
04EC:  MULWF  1E
04EE:  MOVF   FF3,W
04F0:  ADDWF  22,F
04F2:  MOVF   FF4,W
04F4:  ADDWFC 21,F
04F6:  MOVLW  00
04F8:  CLRF   02
04FA:  ADDWFC 03,F
04FC:  ADDWFC 02,F
04FE:  MOVF   19,W
0500:  MULWF  1F
0502:  MOVF   FF3,W
0504:  ADDWF  21,F
0506:  MOVF   FF4,W
0508:  ADDWFC 03,F
050A:  MOVLW  00
050C:  ADDWFC 02,F
050E:  MOVF   19,W
0510:  MULWF  1E
0512:  MOVF   FF3,W
0514:  ADDWF  03,F
0516:  MOVF   FF4,W
0518:  ADDWFC 02,F
051A:  MOVLW  00
051C:  CLRF   01
051E:  ADDWFC 01,F
0520:  MOVF   1B,W
0522:  MULWF  1D
0524:  MOVF   FF3,W
0526:  ADDWF  21,F
0528:  MOVF   FF4,W
052A:  ADDWFC 03,F
052C:  MOVLW  00
052E:  ADDWFC 02,F
0530:  ADDWFC 01,F
0532:  MOVF   1A,W
0534:  MULWF  1D
0536:  MOVF   FF3,W
0538:  ADDWF  03,F
053A:  MOVF   FF4,W
053C:  ADDWFC 02,F
053E:  MOVLW  00
0540:  ADDWFC 01,F
0542:  MOVF   19,W
0544:  MULWF  1D
0546:  MOVF   FF3,W
0548:  ADDWF  02,F
054A:  MOVF   FF4,W
054C:  ADDWFC 01,F
054E:  INCF   00,F
0550:  BTFSC  01.7
0552:  BRA    055E
0554:  RLCF   21,F
0556:  RLCF   03,F
0558:  RLCF   02,F
055A:  RLCF   01,F
055C:  DECF   00,F
055E:  MOVLW  00
0560:  BTFSS  21.7
0562:  BRA    0578
0564:  INCF   03,F
0566:  ADDWFC 02,F
0568:  ADDWFC 01,F
056A:  MOVF   01,W
056C:  BNZ   0578
056E:  MOVF   02,W
0570:  BNZ   0578
0572:  MOVF   03,W
0574:  BNZ   0578
0576:  INCF   00,F
0578:  BTFSC  20.7
057A:  BSF    01.7
057C:  BTFSS  20.7
057E:  BCF    01.7
0580:  BRA    058A
0582:  CLRF   00
0584:  CLRF   01
0586:  CLRF   02
0588:  CLRF   03
058A:  GOTO   0684 (RETURN)
058E:  MOVF   18,W
0590:  SUBLW  B6
0592:  MOVWF  18
0594:  CLRF   03
0596:  MOVFF  19,1C
059A:  BSF    19.7
059C:  BCF    FD8.0
059E:  RRCF   19,F
05A0:  RRCF   1A,F
05A2:  RRCF   1B,F
05A4:  RRCF   03,F
05A6:  RRCF   02,F
05A8:  RRCF   01,F
05AA:  RRCF   00,F
05AC:  DECFSZ 18,F
05AE:  BRA    059C
05B0:  BTFSS  1C.7
05B2:  BRA    05CA
05B4:  COMF   00,F
05B6:  COMF   01,F
05B8:  COMF   02,F
05BA:  COMF   03,F
05BC:  INCF   00,F
05BE:  BTFSC  FD8.2
05C0:  INCF   01,F
05C2:  BTFSC  FD8.2
05C4:  INCF   02,F
05C6:  BTFSC  FD8.2
05C8:  INCF   03,F
05CA:  GOTO   06AA (RETURN)
05CE:  BTFSC  FD8.1
05D0:  BRA    05D8
05D2:  CLRF   FEA
05D4:  MOVLW  20
05D6:  MOVWF  FE9
05D8:  CLRF   00
05DA:  CLRF   01
05DC:  CLRF   02
05DE:  CLRF   03
05E0:  CLRF   20
05E2:  CLRF   21
05E4:  CLRF   22
05E6:  CLRF   23
05E8:  MOVF   1F,W
05EA:  IORWF  1E,W
05EC:  IORWF  1D,W
05EE:  IORWF  1C,W
05F0:  BZ    064A
05F2:  MOVLW  20
05F4:  MOVWF  24
05F6:  BCF    FD8.0
05F8:  RLCF   18,F
05FA:  RLCF   19,F
05FC:  RLCF   1A,F
05FE:  RLCF   1B,F
0600:  RLCF   20,F
0602:  RLCF   21,F
0604:  RLCF   22,F
0606:  RLCF   23,F
0608:  MOVF   1F,W
060A:  SUBWF  23,W
060C:  BNZ   061E
060E:  MOVF   1E,W
0610:  SUBWF  22,W
0612:  BNZ   061E
0614:  MOVF   1D,W
0616:  SUBWF  21,W
0618:  BNZ   061E
061A:  MOVF   1C,W
061C:  SUBWF  20,W
061E:  BNC   063E
0620:  MOVF   1C,W
0622:  SUBWF  20,F
0624:  MOVF   1D,W
0626:  BTFSS  FD8.0
0628:  INCFSZ 1D,W
062A:  SUBWF  21,F
062C:  MOVF   1E,W
062E:  BTFSS  FD8.0
0630:  INCFSZ 1E,W
0632:  SUBWF  22,F
0634:  MOVF   1F,W
0636:  BTFSS  FD8.0
0638:  INCFSZ 1F,W
063A:  SUBWF  23,F
063C:  BSF    FD8.0
063E:  RLCF   00,F
0640:  RLCF   01,F
0642:  RLCF   02,F
0644:  RLCF   03,F
0646:  DECFSZ 24,F
0648:  BRA    05F6
064A:  MOVFF  20,FEF
064E:  MOVFF  21,FEC
0652:  MOVFF  22,FEC
0656:  MOVFF  23,FEC
065A:  RETURN 0
065C:  MOVF   FE9,W
065E:  MOVWF  10
0660:  MOVF   0F,W
0662:  MOVWF  12
0664:  BZ    0698
0666:  MOVFF  0E,1B
066A:  MOVFF  0D,1A
066E:  MOVFF  0C,19
0672:  MOVFF  0B,18
0676:  CLRF   1F
0678:  CLRF   1E
067A:  MOVLW  20
067C:  MOVWF  1D
067E:  MOVLW  82
0680:  MOVWF  1C
0682:  BRA    049A
0684:  MOVFF  03,0E
0688:  MOVFF  02,0D
068C:  MOVFF  01,0C
0690:  MOVFF  00,0B
0694:  DECFSZ 12,F
0696:  BRA    0666
0698:  MOVFF  0E,1B
069C:  MOVFF  0D,1A
06A0:  MOVFF  0C,19
06A4:  MOVFF  0B,18
06A8:  BRA    058E
06AA:  MOVFF  03,0E
06AE:  MOVFF  02,0D
06B2:  MOVFF  01,0C
06B6:  MOVFF  00,0B
06BA:  BTFSS  0E.7
06BC:  BRA    06D8
06BE:  DECF   10,F
06C0:  BSF    10.5
06C2:  COMF   0B,F
06C4:  COMF   0C,F
06C6:  COMF   0D,F
06C8:  COMF   0E,F
06CA:  INCF   0B,F
06CC:  BTFSC  FD8.2
06CE:  INCF   0C,F
06D0:  BTFSC  FD8.2
06D2:  INCF   0D,F
06D4:  BTFSC  FD8.2
06D6:  INCF   0E,F
06D8:  MOVLW  3B
06DA:  MOVWF  17
06DC:  MOVLW  9A
06DE:  MOVWF  16
06E0:  MOVLW  CA
06E2:  MOVWF  15
06E4:  CLRF   14
06E6:  MOVLW  0A
06E8:  MOVWF  12
06EA:  MOVF   0F,W
06EC:  BTFSC  FD8.2
06EE:  INCF   10,F
06F0:  BSF    FD8.1
06F2:  CLRF   FEA
06F4:  MOVLW  0B
06F6:  MOVWF  FE9
06F8:  MOVFF  0E,1B
06FC:  MOVFF  0D,1A
0700:  MOVFF  0C,19
0704:  MOVFF  0B,18
0708:  MOVFF  17,1F
070C:  MOVFF  16,1E
0710:  MOVFF  15,1D
0714:  MOVFF  14,1C
0718:  RCALL  05CE
071A:  MOVF   01,W
071C:  MOVF   00,F
071E:  BNZ   073E
0720:  INCF   0F,W
0722:  SUBWF  12,W
0724:  BZ    073E
0726:  MOVF   10,W
0728:  BZ    0742
072A:  ANDLW  0F
072C:  SUBWF  12,W
072E:  BZ    0732
0730:  BC    07A0
0732:  BTFSC  10.7
0734:  BRA    07A0
0736:  BTFSC  10.6
0738:  BRA    0742
073A:  MOVLW  20
073C:  BRA    0798
073E:  MOVLW  20
0740:  ANDWF  10,F
0742:  BTFSS  10.5
0744:  BRA    075E
0746:  BCF    10.5
0748:  MOVF   0F,W
074A:  BTFSS  FD8.2
074C:  DECF   10,F
074E:  MOVF   00,W
0750:  MOVWF  10
0752:  MOVLW  2D
0754:  MOVWF  18
0756:  RCALL  019A
0758:  MOVF   10,W
075A:  MOVWF  00
075C:  CLRF   10
075E:  MOVF   0F,W
0760:  SUBWF  12,W
0762:  BNZ   0778
0764:  MOVF   00,W
0766:  MOVWF  10
0768:  MOVLW  2E
076A:  MOVWF  18
076C:  RCALL  019A
076E:  MOVF   10,W
0770:  MOVWF  00
0772:  MOVLW  20
0774:  ANDWF  10,F
0776:  MOVLW  00
0778:  MOVLW  30
077A:  BTFSS  10.5
077C:  BRA    0798
077E:  BCF    10.5
0780:  MOVF   0F,W
0782:  BTFSS  FD8.2
0784:  DECF   10,F
0786:  MOVF   00,W
0788:  MOVWF  10
078A:  MOVLW  2D
078C:  MOVWF  18
078E:  RCALL  019A
0790:  MOVF   10,W
0792:  MOVWF  00
0794:  CLRF   10
0796:  MOVLW  30
0798:  ADDWF  00,F
079A:  MOVFF  00,18
079E:  RCALL  019A
07A0:  BCF    FD8.1
07A2:  MOVFF  17,1B
07A6:  MOVFF  16,1A
07AA:  MOVFF  15,19
07AE:  MOVFF  14,18
07B2:  CLRF   1F
07B4:  CLRF   1E
07B6:  CLRF   1D
07B8:  MOVLW  0A
07BA:  MOVWF  1C
07BC:  RCALL  05CE
07BE:  MOVFF  03,17
07C2:  MOVFF  02,16
07C6:  MOVFF  01,15
07CA:  MOVFF  00,14
07CE:  DECFSZ 12,F
07D0:  BRA    06F0
07D2:  GOTO   08DA (RETURN)
....................  
.................... #list 
....................  
.................... #device ADC=10 
....................  
.................... #FUSES NOWDT                    //No Watch Dog Timer 
.................... #FUSES WDT128                   //Watch Dog Timer uses 1:128 Postscale 
.................... #FUSES NOBROWNOUT               //No brownout reset 
.................... #FUSES NOLVP                    //No low voltage prgming, B3(PIC16) or B5(PIC18) used for I/O 
.................... #FUSES NOXINST                  //Extended set extension and Indexed Addressing mode disabled (Legacy mode) 
....................  
.................... #use delay(crystal=20000000) 
*
0030:  CLRF   FEA
0032:  MOVLW  19
0034:  MOVWF  FE9
0036:  MOVF   FEF,W
0038:  BZ    0054
003A:  MOVLW  06
003C:  MOVWF  01
003E:  CLRF   00
0040:  DECFSZ 00,F
0042:  BRA    0040
0044:  DECFSZ 01,F
0046:  BRA    003E
0048:  MOVLW  7B
004A:  MOVWF  00
004C:  DECFSZ 00,F
004E:  BRA    004C
0050:  DECFSZ FEF,F
0052:  BRA    003A
0054:  RETURN 0
....................  
....................  
....................  
.................... #define use_portb_lcd TRUE //indico que usare el puerto B, primero configuro el puerto 
.................... #include <lcd.c>           //cargo la libreria 
.................... /////////////////////////////////////////////////////////////////////////////// 
.................... ////                             LCD.C                                     //// 
.................... ////                 Driver for common LCD modules                         //// 
.................... ////                                                                       //// 
.................... ////  lcd_init()   Must be called before any other function.               //// 
.................... ////                                                                       //// 
.................... ////  lcd_putc(c)  Will display c on the next position of the LCD.         //// 
.................... ////                 \a  Set cursor position to upper left                 //// 
.................... ////                 \f  Clear display, set cursor to upper left           //// 
.................... ////                 \n  Go to start of second line                        //// 
.................... ////                 \b  Move back one position                            //// 
.................... ////              If LCD_EXTENDED_NEWLINE is defined, the \n character     //// 
.................... ////              will erase all remanining characters on the current      //// 
.................... ////              line, and move the cursor to the beginning of the next   //// 
.................... ////              line.                                                    //// 
.................... ////              If LCD_EXTENDED_NEWLINE is defined, the \r character     //// 
.................... ////              will move the cursor to the start of the current         //// 
.................... ////              line.                                                    //// 
.................... ////                                                                       //// 
.................... ////  lcd_gotoxy(x,y) Set write position on LCD (upper left is 1,1)        //// 
.................... ////                                                                       //// 
.................... ////  lcd_getc(x,y)   Returns character at position x,y on LCD             //// 
.................... ////                                                                       //// 
.................... ////  lcd_cursor_on(int1 on)   Turn the cursor on (on=TRUE) or off         //// 
.................... ////              (on=FALSE).                                              //// 
.................... ////                                                                       //// 
.................... ////  lcd_set_cgram_char(w, *p)   Write a custom character to the CGRAM.   //// 
.................... ////                                                                       //// 
.................... ////                                                                       //// 
.................... ////  CONFIGURATION                                                        //// 
.................... ////  The LCD can be configured in one of two ways: a.) port access or     //// 
.................... ////  b.) pin access.  Port access requires the entire 7 bit interface     //// 
.................... ////  connected to one GPIO port, and the data bits (D4:D7 of the LCD)     //// 
.................... ////  connected to sequential pins on the GPIO.  Pin access                //// 
.................... ////  has no requirements, all 7 bits of the control interface can         //// 
.................... ////  can be connected to any GPIO using several ports.                    //// 
.................... ////                                                                       //// 
.................... ////  To use port access, #define LCD_DATA_PORT to the SFR location of     //// 
.................... ////  of the GPIO port that holds the interface, -AND- edit LCD_PIN_MAP    //// 
.................... ////  of this file to configure the pin order.  If you are using a         //// 
.................... ////  baseline PIC (PCB), then LCD_OUTPUT_MAP and LCD_INPUT_MAP also must  //// 
.................... ////  be defined.                                                          //// 
.................... ////                                                                       //// 
.................... ////  Example of port access:                                              //// 
.................... ////     #define LCD_DATA_PORT getenv("SFR:PORTD")                         //// 
.................... ////                                                                       //// 
.................... ////  To use pin access, the following pins must be defined:               //// 
.................... ////     LCD_ENABLE_PIN                                                    //// 
.................... ////     LCD_RS_PIN                                                        //// 
.................... ////     LCD_RW_PIN                                                        //// 
.................... ////     LCD_DATA4                                                         //// 
.................... ////     LCD_DATA5                                                         //// 
.................... ////     LCD_DATA6                                                         //// 
.................... ////     LCD_DATA7                                                         //// 
.................... ////                                                                       //// 
.................... ////  Example of pin access:                                               //// 
.................... ////     #define LCD_ENABLE_PIN  PIN_E0                                    //// 
.................... ////     #define LCD_RS_PIN      PIN_E1                                    //// 
.................... ////     #define LCD_RW_PIN      PIN_E2                                    //// 
.................... ////     #define LCD_DATA4       PIN_D4                                    //// 
.................... ////     #define LCD_DATA5       PIN_D5                                    //// 
.................... ////     #define LCD_DATA6       PIN_D6                                    //// 
.................... ////     #define LCD_DATA7       PIN_D7                                    //// 
.................... ////                                                                       //// 
.................... /////////////////////////////////////////////////////////////////////////////// 
.................... ////        (C) Copyright 1996,2010 Custom Computer Services           //// 
.................... //// This source code may only be used by licensed users of the CCS C  //// 
.................... //// compiler.  This source code may only be distributed to other      //// 
.................... //// licensed users of the CCS C compiler.  No other use, reproduction //// 
.................... //// or distribution is permitted without written permission.          //// 
.................... //// Derivative programs created using this software in object code    //// 
.................... //// form are not restricted in any way.                               //// 
.................... /////////////////////////////////////////////////////////////////////////// 
....................  
.................... #ifndef __LCD_C__ 
.................... #define __LCD_C__ 
....................  
.................... // define the pinout. 
.................... // only required if port access is being used. 
.................... typedef struct   
.................... {                            // This structure is overlayed 
....................    int1 enable;           // on to an I/O port to gain 
....................    int1 rs;               // access to the LCD pins. 
....................    int1 rw;               // The bits are allocated from 
....................    int1 unused;           // low order up.  ENABLE will 
....................    unsigned int     data : 4;         // be LSB pin of that port. 
....................   #if defined(__PCD__)       // The port used will be LCD_DATA_PORT. 
....................    unsigned int    reserved: 8; 
....................   #endif 
.................... } LCD_PIN_MAP; 
....................  
.................... // this is to improve compatability with previous LCD drivers that accepted 
.................... // a define labeled 'use_portb_lcd' that configured the LCD onto port B. 
.................... #if ((defined(use_portb_lcd)) && (use_portb_lcd==TRUE)) 
....................  #define LCD_DATA_PORT getenv("SFR:PORTB") 
.................... #endif 
....................  
.................... #if defined(__PCB__) 
....................    // these definitions only need to be modified for baseline PICs. 
....................    // all other PICs use LCD_PIN_MAP or individual LCD_xxx pin definitions. 
.................... /*                                    EN, RS,   RW,   UNUSED,  DATA  */ 
....................  const LCD_PIN_MAP LCD_OUTPUT_MAP =  {0,  0,    0,    0,       0}; 
....................  const LCD_PIN_MAP LCD_INPUT_MAP =   {0,  0,    0,    0,       0xF}; 
.................... #endif 
....................  
.................... ////////////////////// END CONFIGURATION /////////////////////////////////// 
....................  
.................... #ifndef LCD_ENABLE_PIN 
....................    #define lcd_output_enable(x) lcdlat.enable=x 
....................    #define lcd_enable_tris()   lcdtris.enable=0 
.................... #else 
....................    #define lcd_output_enable(x) output_bit(LCD_ENABLE_PIN, x) 
....................    #define lcd_enable_tris()  output_drive(LCD_ENABLE_PIN) 
.................... #endif 
....................  
.................... #ifndef LCD_RS_PIN 
....................    #define lcd_output_rs(x) lcdlat.rs=x 
....................    #define lcd_rs_tris()   lcdtris.rs=0 
.................... #else 
....................    #define lcd_output_rs(x) output_bit(LCD_RS_PIN, x) 
....................    #define lcd_rs_tris()  output_drive(LCD_RS_PIN) 
.................... #endif 
....................  
.................... #ifndef LCD_RW_PIN 
....................    #define lcd_output_rw(x) lcdlat.rw=x 
....................    #define lcd_rw_tris()   lcdtris.rw=0 
.................... #else 
....................    #define lcd_output_rw(x) output_bit(LCD_RW_PIN, x) 
....................    #define lcd_rw_tris()  output_drive(LCD_RW_PIN) 
.................... #endif 
....................  
.................... // original version of this library incorrectly labeled LCD_DATA0 as LCD_DATA4, 
.................... // LCD_DATA1 as LCD_DATA5, and so on.  this block of code makes the driver 
.................... // compatible with any code written for the original library 
.................... #if (defined(LCD_DATA0) && defined(LCD_DATA1) && defined(LCD_DATA2) && defined(LCD_DATA3) && !defined(LCD_DATA4) && !defined(LCD_DATA5) && !defined(LCD_DATA6) && !defined(LCD_DATA7)) 
....................    #define  LCD_DATA4    LCD_DATA0 
....................    #define  LCD_DATA5    LCD_DATA1 
....................    #define  LCD_DATA6    LCD_DATA2 
....................    #define  LCD_DATA7    LCD_DATA3 
.................... #endif 
....................  
.................... #ifndef LCD_DATA4 
.................... #ifndef LCD_DATA_PORT 
....................    #if defined(__PCB__) 
....................       #define LCD_DATA_PORT      0x06     //portb 
....................       #define set_tris_lcd(x)   set_tris_b(x) 
....................    #else 
....................      #if defined(PIN_D0) 
....................       #define LCD_DATA_PORT      getenv("SFR:PORTD")     //portd 
....................      #else 
....................       #define LCD_DATA_PORT      getenv("SFR:PORTB")     //portb 
....................      #endif 
....................    #endif    
.................... #endif 
....................  
.................... #if defined(__PCB__) 
....................    LCD_PIN_MAP lcd, lcdlat; 
....................    #byte lcd = LCD_DATA_PORT 
....................    #byte lcdlat = LCD_DATA_PORT 
.................... #elif defined(__PCM__) 
....................    LCD_PIN_MAP lcd, lcdlat, lcdtris; 
....................    #byte lcd = LCD_DATA_PORT 
....................    #byte lcdlat = LCD_DATA_PORT 
....................    #byte lcdtris = LCD_DATA_PORT+0x80 
.................... #elif defined(__PCH__) 
....................    LCD_PIN_MAP lcd, lcdlat, lcdtris; 
....................    #byte lcd = LCD_DATA_PORT 
....................    #byte lcdlat = LCD_DATA_PORT+9 
....................    #byte lcdtris = LCD_DATA_PORT+0x12 
.................... #elif defined(__PCD__) 
....................    LCD_PIN_MAP lcd, lcdlat, lcdtris; 
....................    #word lcd = LCD_DATA_PORT 
....................    #word lcdlat = LCD_DATA_PORT+2 
....................    #word lcdtris = LCD_DATA_PORT-0x02 
.................... #endif 
.................... #endif   //LCD_DATA4 not defined 
....................  
.................... #ifndef LCD_TYPE 
....................    #define LCD_TYPE 2           // 0=5x7, 1=5x10, 2=2 lines 
.................... #endif 
....................  
.................... #ifndef LCD_LINE_TWO 
....................    #define LCD_LINE_TWO 0x40    // LCD RAM address for the second line 
.................... #endif 
....................  
.................... #ifndef LCD_LINE_LENGTH 
....................    #define LCD_LINE_LENGTH 20 
.................... #endif 
....................  
.................... unsigned int8 lcd_read_nibble(void); 
....................  
.................... unsigned int8 lcd_read_byte(void) 
.................... { 
....................    unsigned int8 low,high; 
....................  
....................  #if defined(__PCB__) 
....................    set_tris_lcd(LCD_INPUT_MAP); 
....................  #else 
....................   #if (defined(LCD_DATA4) && defined(LCD_DATA5) && defined(LCD_DATA6) && defined(LCD_DATA7)) 
....................    output_float(LCD_DATA4); 
....................    output_float(LCD_DATA5); 
....................    output_float(LCD_DATA6); 
....................    output_float(LCD_DATA7); 
....................   #else 
....................    lcdtris.data = 0xF; 
*
0084:  MOVLW  0F
0086:  ANDWF  F93,W
0088:  IORLW  F0
008A:  MOVWF  F93
....................   #endif 
....................  #endif 
....................          
....................    lcd_output_rw(1); 
008C:  BSF    F8A.2
....................    delay_cycles(1); 
008E:  NOP   
....................    lcd_output_enable(1); 
0090:  BSF    F8A.0
....................    delay_cycles(1); 
0092:  NOP   
....................    high = lcd_read_nibble(); 
0094:  RCALL  0078
0096:  MOVFF  01,20
....................        
....................    lcd_output_enable(0); 
009A:  BCF    F8A.0
....................    delay_cycles(1); 
009C:  NOP   
....................    lcd_output_enable(1); 
009E:  BSF    F8A.0
....................    delay_us(1); 
00A0:  BRA    00A2
00A2:  BRA    00A4
00A4:  NOP   
....................    low = lcd_read_nibble(); 
00A6:  RCALL  0078
00A8:  MOVFF  01,1F
....................        
....................    lcd_output_enable(0); 
00AC:  BCF    F8A.0
....................  
....................  #if defined(__PCB__) 
....................    set_tris_lcd(LCD_OUTPUT_MAP); 
....................  #else 
....................   #if (defined(LCD_DATA4) && defined(LCD_DATA5) && defined(LCD_DATA6) && defined(LCD_DATA7)) 
....................    output_drive(LCD_DATA4); 
....................    output_drive(LCD_DATA5); 
....................    output_drive(LCD_DATA6); 
....................    output_drive(LCD_DATA7); 
....................   #else 
....................    lcdtris.data = 0x0; 
00AE:  MOVLW  0F
00B0:  ANDWF  F93,W
00B2:  MOVWF  F93
....................   #endif 
....................  #endif 
....................  
....................    return( (high<<4) | low); 
00B4:  SWAPF  20,W
00B6:  MOVWF  00
00B8:  MOVLW  F0
00BA:  ANDWF  00,F
00BC:  MOVF   00,W
00BE:  IORWF  1F,W
00C0:  MOVWF  01
00C2:  GOTO   00D0 (RETURN)
.................... } 
....................  
.................... unsigned int8 lcd_read_nibble(void) 
.................... { 
....................   #if (defined(LCD_DATA4) && defined(LCD_DATA5) && defined(LCD_DATA6) && defined(LCD_DATA7)) 
....................    unsigned int8 n = 0x00; 
....................  
....................    /* Read the data port */ 
....................    n |= input(LCD_DATA4); 
....................    n |= input(LCD_DATA5) << 1; 
....................    n |= input(LCD_DATA6) << 2; 
....................    n |= input(LCD_DATA7) << 3; 
....................     
....................    return(n); 
....................   #else 
....................    return(lcd.data); 
*
0078:  MOVF   F81,W
007A:  MOVWF  00
007C:  SWAPF  00,W
007E:  ANDLW  0F
0080:  MOVWF  01
....................   #endif 
0082:  RETURN 0
.................... } 
....................  
.................... void lcd_send_nibble(unsigned int8 n) 
.................... { 
....................   #if (defined(LCD_DATA4) && defined(LCD_DATA5) && defined(LCD_DATA6) && defined(LCD_DATA7)) 
....................    /* Write to the data port */ 
....................    output_bit(LCD_DATA4, bit_test(n, 0)); 
....................    output_bit(LCD_DATA5, bit_test(n, 1)); 
....................    output_bit(LCD_DATA6, bit_test(n, 2)); 
....................    output_bit(LCD_DATA7, bit_test(n, 3)); 
....................   #else       
....................    lcdlat.data = n; 
*
0056:  SWAPF  20,W
0058:  ANDLW  F0
005A:  MOVWF  00
005C:  MOVLW  0F
005E:  ANDWF  F8A,W
0060:  IORWF  00,W
0062:  MOVWF  F8A
....................   #endif 
....................        
....................    delay_cycles(1); 
0064:  NOP   
....................    lcd_output_enable(1); 
0066:  BSF    F8A.0
....................    delay_us(2); 
0068:  MOVLW  02
006A:  MOVWF  00
006C:  DECFSZ 00,F
006E:  BRA    006C
0070:  BRA    0072
0072:  NOP   
....................    lcd_output_enable(0); 
0074:  BCF    F8A.0
0076:  RETURN 0
.................... } 
....................  
.................... void lcd_send_byte(unsigned int8 address, unsigned int8 n) 
.................... { 
....................   #if defined(__PCB__) 
....................    set_tris_lcd(LCD_OUTPUT_MAP); 
....................   #else 
....................    lcd_enable_tris(); 
*
00C6:  BCF    F93.0
....................    lcd_rs_tris(); 
00C8:  BCF    F93.1
....................    lcd_rw_tris(); 
00CA:  BCF    F93.2
....................   #endif 
....................  
....................    lcd_output_rs(0); 
00CC:  BCF    F8A.1
....................    while ( bit_test(lcd_read_byte(),7) ) ; 
00CE:  BRA    0084
00D0:  MOVFF  01,1F
00D4:  BTFSC  01.7
00D6:  BRA    00CE
....................    lcd_output_rs(address); 
00D8:  BCF    F8A.1
00DA:  BTFSC  1D.0
00DC:  BSF    F8A.1
....................    delay_cycles(1); 
00DE:  NOP   
....................    lcd_output_rw(0); 
00E0:  BCF    F8A.2
....................    delay_cycles(1); 
00E2:  NOP   
....................    lcd_output_enable(0); 
00E4:  BCF    F8A.0
....................    lcd_send_nibble(n >> 4); 
00E6:  SWAPF  1E,W
00E8:  MOVWF  1F
00EA:  MOVLW  0F
00EC:  ANDWF  1F,F
00EE:  MOVFF  1F,20
00F2:  RCALL  0056
....................    lcd_send_nibble(n & 0xf); 
00F4:  MOVF   1E,W
00F6:  ANDLW  0F
00F8:  MOVWF  1F
00FA:  MOVWF  20
00FC:  RCALL  0056
00FE:  RETURN 0
.................... } 
....................  
.................... #if defined(LCD_EXTENDED_NEWLINE) 
.................... unsigned int8 g_LcdX, g_LcdY; 
.................... #endif 
....................  
.................... void lcd_init(void)  
.................... { 
....................    unsigned int8 i; 
....................    unsigned int8 LCD_INIT_STRING[4] = {0x20 | (LCD_TYPE << 2), 0xc, 1, 6}; 
0100:  MOVLW  28
0102:  MOVWF  0C
0104:  MOVLW  0C
0106:  MOVWF  0D
0108:  MOVLW  01
010A:  MOVWF  0E
010C:  MOVLW  06
010E:  MOVWF  0F
....................                              // These bytes need to be sent to the LCD 
....................                              // to start it up. 
....................     
....................  
....................    lcd_output_enable(0); 
0110:  BCF    F8A.0
....................    lcd_output_rs(0); 
0112:  BCF    F8A.1
....................    lcd_output_rw(0); 
0114:  BCF    F8A.2
....................  
....................  #if defined(__PCB__) 
....................    set_tris_lcd(LCD_OUTPUT_MAP); 
....................  #else 
....................   #if (defined(LCD_DATA4) && defined(LCD_DATA5) && defined(LCD_DATA6) && defined(LCD_DATA7)) 
....................    output_drive(LCD_DATA4); 
....................    output_drive(LCD_DATA5); 
....................    output_drive(LCD_DATA6); 
....................    output_drive(LCD_DATA7); 
....................   #else 
....................    lcdtris.data = 0x0; 
0116:  MOVLW  0F
0118:  ANDWF  F93,W
011A:  MOVWF  F93
....................   #endif 
....................    lcd_enable_tris(); 
011C:  BCF    F93.0
....................    lcd_rs_tris(); 
011E:  BCF    F93.1
....................    lcd_rw_tris(); 
0120:  BCF    F93.2
....................  #endif 
....................      
....................    delay_ms(15); 
0122:  MOVLW  0F
0124:  MOVWF  19
0126:  RCALL  0030
....................    for(i=1;i<=3;++i) 
0128:  MOVLW  01
012A:  MOVWF  0B
012C:  MOVF   0B,W
012E:  SUBLW  03
0130:  BNC   0142
....................    { 
....................        lcd_send_nibble(3); 
0132:  MOVLW  03
0134:  MOVWF  20
0136:  RCALL  0056
....................        delay_ms(5); 
0138:  MOVLW  05
013A:  MOVWF  19
013C:  RCALL  0030
013E:  INCF   0B,F
0140:  BRA    012C
....................    } 
....................     
....................    lcd_send_nibble(2); 
0142:  MOVLW  02
0144:  MOVWF  20
0146:  RCALL  0056
....................    delay_ms(5); 
0148:  MOVLW  05
014A:  MOVWF  19
014C:  RCALL  0030
....................    for(i=0;i<=3;++i) 
014E:  CLRF   0B
0150:  MOVF   0B,W
0152:  SUBLW  03
0154:  BNC   0174
....................       lcd_send_byte(0,LCD_INIT_STRING[i]); 
0156:  CLRF   03
0158:  MOVF   0B,W
015A:  ADDLW  0C
015C:  MOVWF  FE9
015E:  MOVLW  00
0160:  ADDWFC 03,W
0162:  MOVWF  FEA
0164:  MOVFF  FEF,10
0168:  CLRF   1D
016A:  MOVFF  10,1E
016E:  RCALL  00C6
....................  
....................   #if defined(LCD_EXTENDED_NEWLINE) 
0170:  INCF   0B,F
0172:  BRA    0150
0174:  GOTO   07F4 (RETURN)
....................    g_LcdX = 0; 
....................    g_LcdY = 0; 
....................   #endif 
.................... } 
....................  
.................... void lcd_gotoxy(unsigned int8 x, unsigned int8 y) 
.................... { 
....................    unsigned int8 address; 
....................     
....................    if(y!=1) 
0178:  DECFSZ 1A,W
017A:  BRA    017E
017C:  BRA    0184
....................       address=LCD_LINE_TWO; 
017E:  MOVLW  40
0180:  MOVWF  1B
0182:  BRA    0186
....................    else 
....................       address=0; 
0184:  CLRF   1B
....................       
....................    address+=x-1; 
0186:  MOVLW  01
0188:  SUBWF  19,W
018A:  ADDWF  1B,F
....................    lcd_send_byte(0,0x80|address); 
018C:  MOVF   1B,W
018E:  IORLW  80
0190:  MOVWF  1C
0192:  CLRF   1D
0194:  MOVWF  1E
0196:  RCALL  00C6
....................  
....................   #if defined(LCD_EXTENDED_NEWLINE) 
0198:  RETURN 0
....................    g_LcdX = x - 1; 
....................    g_LcdY = y - 1; 
....................   #endif 
.................... } 
....................  
.................... void lcd_putc(char c) 
.................... { 
....................    switch (c) 
019A:  MOVF   18,W
019C:  XORLW  07
019E:  BZ    01AE
01A0:  XORLW  0B
01A2:  BZ    01B8
01A4:  XORLW  06
01A6:  BZ    01C8
01A8:  XORLW  02
01AA:  BZ    01D4
01AC:  BRA    01DE
....................    { 
....................       case '\a'   :  lcd_gotoxy(1,1);     break; 
01AE:  MOVLW  01
01B0:  MOVWF  19
01B2:  MOVWF  1A
01B4:  RCALL  0178
01B6:  BRA    01E8
....................  
....................       case '\f'   :  lcd_send_byte(0,1); 
01B8:  CLRF   1D
01BA:  MOVLW  01
01BC:  MOVWF  1E
01BE:  RCALL  00C6
....................                      delay_ms(2); 
01C0:  MOVLW  02
01C2:  MOVWF  19
01C4:  RCALL  0030
....................                     #if defined(LCD_EXTENDED_NEWLINE) 
....................                      g_LcdX = 0; 
....................                      g_LcdY = 0; 
....................                     #endif 
....................                      break; 
01C6:  BRA    01E8
....................  
....................      #if defined(LCD_EXTENDED_NEWLINE) 
....................       case '\r'   :  lcd_gotoxy(1, g_LcdY+1);   break; 
....................       case '\n'   : 
....................          while (g_LcdX++ < LCD_LINE_LENGTH) 
....................          { 
....................             lcd_send_byte(1, ' '); 
....................          } 
....................          lcd_gotoxy(1, g_LcdY+2); 
....................          break; 
....................      #else 
....................       case '\n'   : lcd_gotoxy(1,2);        break; 
01C8:  MOVLW  01
01CA:  MOVWF  19
01CC:  MOVLW  02
01CE:  MOVWF  1A
01D0:  RCALL  0178
01D2:  BRA    01E8
....................      #endif 
....................       
....................       case '\b'   : lcd_send_byte(0,0x10);  break; 
01D4:  CLRF   1D
01D6:  MOVLW  10
01D8:  MOVWF  1E
01DA:  RCALL  00C6
01DC:  BRA    01E8
....................       
....................      #if defined(LCD_EXTENDED_NEWLINE) 
....................       default     :  
....................          if (g_LcdX < LCD_LINE_LENGTH) 
....................          { 
....................             lcd_send_byte(1, c); 
....................             g_LcdX++; 
....................          } 
....................          break; 
....................      #else 
....................       default     : lcd_send_byte(1,c);     break; 
01DE:  MOVLW  01
01E0:  MOVWF  1D
01E2:  MOVFF  18,1E
01E6:  RCALL  00C6
....................      #endif 
....................    } 
01E8:  RETURN 0
.................... } 
....................   
.................... char lcd_getc(unsigned int8 x, unsigned int8 y) 
.................... { 
....................    char value; 
....................  
....................    lcd_gotoxy(x,y); 
....................    while ( bit_test(lcd_read_byte(),7) ); // wait until busy flag is low 
....................    lcd_output_rs(1); 
....................    value = lcd_read_byte(); 
....................    lcd_output_rs(0); 
....................     
....................    return(value); 
.................... } 
....................  
.................... // write a custom character to the ram 
.................... // which is 0-7 and specifies which character array we are modifying. 
.................... // ptr points to an array of 8 bytes, where each byte is the next row of 
.................... //    pixels.  only bits 0-4 are used.  the last row is the cursor row, and 
.................... //    usually you will want to leave this byte 0x00. 
.................... void lcd_set_cgram_char(unsigned int8 which, unsigned int8 *ptr) 
.................... { 
....................    unsigned int i; 
....................  
....................    which <<= 3; 
....................    which &= 0x38; 
....................  
....................    lcd_send_byte(0, 0x40 | which);  //set cgram address 
....................  
....................    for(i=0; i<8; i++) 
....................    { 
....................       lcd_send_byte(1, *ptr++); 
....................    } 
....................    
....................    #if defined(LCD_EXTENDED_NEWLINE) 
....................     lcd_gotoxy(g_LcdX+1, g_LcdY+1);  //set ddram address 
....................    #endif 
.................... } 
....................  
.................... void lcd_cursor_on(int1 on) 
.................... { 
....................    if (on) 
....................    { 
....................       lcd_send_byte(0,0x0F);           //turn LCD cursor ON 
....................    } 
....................    else 
....................    { 
....................       lcd_send_byte(0,0x0C);           //turn LCD cursor OFF 
....................    } 
.................... } 
....................  
.................... #endif 
....................  
....................  
.................... #define LCD_ENABLE_PIN  PIN_B0                                    //// 
.................... #define LCD_RS_PIN      PIN_B1                                    //// 
.................... #define LCD_RW_PIN      PIN_B2                                    //// 
.................... #define LCD_DATA4       PIN_B4                                    //// 
.................... #define LCD_DATA5       PIN_B5                                    //// 
.................... #define LCD_DATA6       PIN_B6                                    //// 
.................... #define LCD_DATA7       PIN_B7 
....................  
.................... void main(){ 
*
07D6:  CLRF   FF8
07D8:  BCF    FD0.7
07DA:  MOVF   FC1,W
07DC:  ANDLW  C0
07DE:  IORLW  0F
07E0:  MOVWF  FC1
07E2:  MOVLW  07
07E4:  MOVWF  FB4
07E6:  CLRF   06
07E8:  CLRF   05
07EA:  CLRF   0A
07EC:  CLRF   09
07EE:  CLRF   08
07F0:  CLRF   07
....................    unsigned int16 valor = 0; 
....................    float voltaje = 0; 
....................     
....................    lcd_init();    //inicio lcd 
07F2:  BRA    0100
....................    delay_ms(10);  //tiempo de espera de configuracion de lcd 
07F4:  MOVLW  0A
07F6:  MOVWF  19
07F8:  RCALL  0030
....................     
....................    ///////////////////configuracion de ADC 
....................    setup_adc(ADC_CLOCK_INTERNAL); //configuramos el reloj para el ADC, le decimos que será el relojo interno 
07FA:  MOVF   FC0,W
07FC:  ANDLW  C0
07FE:  IORLW  07
0800:  MOVWF  FC0
0802:  BSF    FC0.7
0804:  BSF    FC2.0
....................    setup_adc_ports(AN0); //elegimos el puerto del cual vamos a usar el ADC, en este caso el PORTA => AN0, por que solo se usará uno 
0806:  MOVF   FC1,W
0808:  ANDLW  C0
080A:  IORLW  0E
080C:  MOVWF  FC1
....................     
....................    set_adc_channel(0); //decimos que vamos a leer el canal 0, 
080E:  MOVLW  00
0810:  MOVWF  01
0812:  MOVF   FC2,W
0814:  ANDLW  C3
0816:  IORWF  01,W
0818:  MOVWF  FC2
....................    delay_ms(100);        //el tiempo que viene marcado en el datasshet para esperar la configuración interna 
081A:  MOVLW  64
081C:  MOVWF  19
081E:  RCALL  0030
....................    //////////////////////termina la configuración de ADC 
....................     
....................    lcd_putc("\fLeyendo ADC"); 
0820:  MOVLW  04
0822:  MOVWF  FF6
0824:  MOVLW  00
0826:  MOVWF  FF7
0828:  BRA    01EA
....................    delay_ms(900); 
082A:  MOVLW  04
082C:  MOVWF  0B
082E:  MOVLW  E1
0830:  MOVWF  19
0832:  CALL   0030
0836:  DECFSZ 0B,F
0838:  BRA    082E
....................     
....................    while(TRUE){ 
....................        
....................       valor = read_adc(); //leemos el canal que acabamos de configurar 
083A:  BSF    FC2.1
083C:  BTFSC  FC2.1
083E:  BRA    083C
0840:  MOVFF  FC3,05
0844:  MOVFF  FC4,06
....................        
....................       printf(lcd_putc, "\fADC: %4Lu", valor);  //pongo en la lcd en parte superior el valor del ADC 
0848:  MOVLW  12
084A:  MOVWF  FF6
084C:  MOVLW  00
084E:  MOVWF  FF7
0850:  MOVLW  06
0852:  MOVWF  0B
0854:  RCALL  020C
0856:  MOVLW  01
0858:  MOVWF  FE9
085A:  MOVFF  06,0C
085E:  MOVFF  05,0B
0862:  BRA    022A
....................        
....................       voltaje = (5 * valor)/1024.0; //convierto los bits en valor del voltaje 
0864:  CLRF   0C
0866:  MOVLW  05
0868:  MOVWF  0B
086A:  MOVFF  06,0E
086E:  MOVFF  05,0D
0872:  BRA    02E6
0874:  MOVFF  02,0C
0878:  MOVFF  01,0B
087C:  MOVFF  02,0E
0880:  MOVFF  01,0D
0884:  BRA    0306
0886:  MOVFF  03,10
088A:  MOVFF  02,0F
088E:  MOVFF  01,0E
0892:  MOVFF  00,0D
0896:  CLRF   14
0898:  CLRF   13
089A:  CLRF   12
089C:  MOVLW  89
089E:  MOVWF  11
08A0:  BRA    033E
08A2:  MOVFF  03,0A
08A6:  MOVFF  02,09
08AA:  MOVFF  01,08
08AE:  MOVFF  00,07
....................       //lcd_gotoxy(1,2); //mando al segundo renglon el cursor 
....................       printf(lcd_putc, "\nVoltaje: %1.2fV", voltaje); //pongo en la lcd el texto con el valor del voltaje 
08B2:  MOVLW  1E
08B4:  MOVWF  FF6
08B6:  MOVLW  00
08B8:  MOVWF  FF7
08BA:  MOVLW  0A
08BC:  MOVWF  0B
08BE:  RCALL  020C
08C0:  MOVLW  89
08C2:  MOVWF  FE9
08C4:  MOVFF  0A,0E
08C8:  MOVFF  09,0D
08CC:  MOVFF  08,0C
08D0:  MOVFF  07,0B
08D4:  MOVLW  02
08D6:  MOVWF  0F
08D8:  BRA    065C
08DA:  MOVLW  56
08DC:  MOVWF  18
08DE:  RCALL  019A
....................        
....................       delay_ms(50);  //tiempo de espera para repetir el proceso 
08E0:  MOVLW  32
08E2:  MOVWF  19
08E4:  CALL   0030
08E8:  BRA    083A
....................    } 
.................... } 
08EA:  SLEEP 

Configuration Fuses:
   Word  1: CC04   PLL5 CPUDIV1 NOUSBDIV HS FCMEN IESO
   Word  2: 0E38   PUT NOBROWNOUT BORV21 VREGEN NOWDT WDT128
   Word  3: 8700   CCP2C1 PBADEN LPT1OSC MCLR
   Word  4: 00A1   STVREN NOLVP ICSP2 NOXINST NODEBUG
   Word  5: C00F   NOPROTECT NOCPB NOCPD
   Word  6: E00F   NOWRT NOWRTC NOWRTB NOWRTD
   Word  7: 400F   NOEBTR NOEBTRB
