CCS PCH C Compiler, Version 5.015, 5967               13-abr-18 05:41

               Filename:   C:\Users\VAIO\Desktop\class_micro\CCS C Projects\Teclado3x3\teclado_tres_tres.lst

               ROM used:   836 bytes (3%)
                           Largest free fragment is 31932
               RAM used:   8 (0%) at main() level
                           22 (1%) worst case
               Stack used: 6 locations
               Stack size: 31

*
0000:  GOTO   02EE
.................... #include <teclado_tres_tres.h> 
.................... #include <18F4550.h> 
.................... //////////// Standard Header file for the PIC18F4550 device //////////////// 
.................... /////////////////////////////////////////////////////////////////////////// 
.................... ////        (C) Copyright 1996, 2013 Custom Computer Services          //// 
.................... //// This source code may only be used by licensed users of the CCS C  //// 
.................... //// compiler.  This source code may only be distributed to other      //// 
.................... //// licensed users of the CCS C compiler.  No other use, reproduction //// 
.................... //// or distribution is permitted without written permission.          //// 
.................... //// Derivative programs created using this software in object code    //// 
.................... //// form are not restricted in any way.                               //// 
.................... /////////////////////////////////////////////////////////////////////////// 
.................... #device PIC18F4550 
0004:  CLRF   FF7
0006:  ADDLW  14
0008:  MOVWF  FF6
000A:  MOVLW  00
000C:  ADDWFC FF7,F
000E:  TBLRD*+
0010:  MOVF   FF5,W
0012:  RETURN 0
0014:  DATA 31,32
0016:  DATA 33,34
0018:  DATA 35,36
001A:  DATA 37,38
001C:  DATA 39,2A
001E:  DATA 30,23
0020:  DATA 0C,4C
0022:  DATA 69,73
0024:  DATA 74,6F
0026:  DATA 00,00
0028:  DATA 0C,44
002A:  DATA 69,67
002C:  DATA 69,74
002E:  DATA 6F,3A
0030:  DATA 20,25
0032:  DATA 63,00
*
01F2:  TBLRD*+
01F4:  MOVF   FF5,F
01F6:  BZ    0210
01F8:  MOVFF  FF6,09
01FC:  MOVFF  FF7,0A
0200:  MOVFF  FF5,0C
0204:  RCALL  01A2
0206:  MOVFF  09,FF6
020A:  MOVFF  0A,FF7
020E:  BRA    01F2
0210:  GOTO   031C (RETURN)
*
02CE:  TBLRD*+
02D0:  MOVFF  FF6,0A
02D4:  MOVFF  FF7,0B
02D8:  MOVFF  FF5,0C
02DC:  RCALL  01A2
02DE:  MOVFF  0A,FF6
02E2:  MOVFF  0B,FF7
02E6:  DECFSZ 09,F
02E8:  BRA    02CE
02EA:  GOTO   0334 (RETURN)
....................  
.................... #list 
....................  
.................... #device ADC=16 
....................  
.................... #FUSES NOWDT                 	//No Watch Dog Timer 
.................... #FUSES WDT128                	//Watch Dog Timer uses 1:128 Postscale 
.................... #FUSES NOBROWNOUT            	//No brownout reset 
.................... #FUSES NOLVP                 	//No low voltage prgming, B3(PIC16) or B5(PIC18) used for I/O 
.................... #FUSES NOXINST               	//Extended set extension and Indexed Addressing mode disabled (Legacy mode) 
....................  
.................... #use delay(crystal=20000000) 
*
0034:  CLRF   FEA
0036:  MOVLW  0E
0038:  MOVWF  FE9
003A:  MOVF   FEF,W
003C:  BZ    0058
003E:  MOVLW  06
0040:  MOVWF  01
0042:  CLRF   00
0044:  DECFSZ 00,F
0046:  BRA    0044
0048:  DECFSZ 01,F
004A:  BRA    0042
004C:  MOVLW  7B
004E:  MOVWF  00
0050:  DECFSZ 00,F
0052:  BRA    0050
0054:  DECFSZ FEF,F
0056:  BRA    003E
0058:  RETURN 0
....................  
....................  
....................  
.................... #define LCD_DATA_PORT getenv("SFR:PORTD")                         //// 
.................... #include <lcd.c> 
.................... /////////////////////////////////////////////////////////////////////////////// 
.................... ////                             LCD.C                                     //// 
.................... ////                 Driver for common LCD modules                         //// 
.................... ////                                                                       //// 
.................... ////  lcd_init()   Must be called before any other function.               //// 
.................... ////                                                                       //// 
.................... ////  lcd_putc(c)  Will display c on the next position of the LCD.         //// 
.................... ////                 \a  Set cursor position to upper left                 //// 
.................... ////                 \f  Clear display, set cursor to upper left           //// 
.................... ////                 \n  Go to start of second line                        //// 
.................... ////                 \b  Move back one position                            //// 
.................... ////              If LCD_EXTENDED_NEWLINE is defined, the \n character     //// 
.................... ////              will erase all remanining characters on the current      //// 
.................... ////              line, and move the cursor to the beginning of the next   //// 
.................... ////              line.                                                    //// 
.................... ////              If LCD_EXTENDED_NEWLINE is defined, the \r character     //// 
.................... ////              will move the cursor to the start of the current         //// 
.................... ////              line.                                                    //// 
.................... ////                                                                       //// 
.................... ////  lcd_gotoxy(x,y) Set write position on LCD (upper left is 1,1)        //// 
.................... ////                                                                       //// 
.................... ////  lcd_getc(x,y)   Returns character at position x,y on LCD             //// 
.................... ////                                                                       //// 
.................... ////  lcd_cursor_on(int1 on)   Turn the cursor on (on=TRUE) or off         //// 
.................... ////              (on=FALSE).                                              //// 
.................... ////                                                                       //// 
.................... ////  lcd_set_cgram_char(w, *p)   Write a custom character to the CGRAM.   //// 
.................... ////                                                                       //// 
.................... ////                                                                       //// 
.................... ////  CONFIGURATION                                                        //// 
.................... ////  The LCD can be configured in one of two ways: a.) port access or     //// 
.................... ////  b.) pin access.  Port access requires the entire 7 bit interface     //// 
.................... ////  connected to one GPIO port, and the data bits (D4:D7 of the LCD)     //// 
.................... ////  connected to sequential pins on the GPIO.  Pin access                //// 
.................... ////  has no requirements, all 7 bits of the control interface can         //// 
.................... ////  can be connected to any GPIO using several ports.                    //// 
.................... ////                                                                       //// 
.................... ////  To use port access, #define LCD_DATA_PORT to the SFR location of     //// 
.................... ////  of the GPIO port that holds the interface, -AND- edit LCD_PIN_MAP    //// 
.................... ////  of this file to configure the pin order.  If you are using a         //// 
.................... ////  baseline PIC (PCB), then LCD_OUTPUT_MAP and LCD_INPUT_MAP also must  //// 
.................... ////  be defined.                                                          //// 
.................... ////                                                                       //// 
.................... ////  Example of port access:                                              //// 
.................... ////     #define LCD_DATA_PORT getenv("SFR:PORTD")                         //// 
.................... ////                                                                       //// 
.................... ////  To use pin access, the following pins must be defined:               //// 
.................... ////     LCD_ENABLE_PIN                                                    //// 
.................... ////     LCD_RS_PIN                                                        //// 
.................... ////     LCD_RW_PIN                                                        //// 
.................... ////     LCD_DATA4                                                         //// 
.................... ////     LCD_DATA5                                                         //// 
.................... ////     LCD_DATA6                                                         //// 
.................... ////     LCD_DATA7                                                         //// 
.................... ////                                                                       //// 
.................... ////  Example of pin access:                                               //// 
.................... ////     #define LCD_ENABLE_PIN  PIN_E0                                    //// 
.................... ////     #define LCD_RS_PIN      PIN_E1                                    //// 
.................... ////     #define LCD_RW_PIN      PIN_E2                                    //// 
.................... ////     #define LCD_DATA4       PIN_D4                                    //// 
.................... ////     #define LCD_DATA5       PIN_D5                                    //// 
.................... ////     #define LCD_DATA6       PIN_D6                                    //// 
.................... ////     #define LCD_DATA7       PIN_D7                                    //// 
.................... ////                                                                       //// 
.................... /////////////////////////////////////////////////////////////////////////////// 
.................... ////        (C) Copyright 1996,2010 Custom Computer Services           //// 
.................... //// This source code may only be used by licensed users of the CCS C  //// 
.................... //// compiler.  This source code may only be distributed to other      //// 
.................... //// licensed users of the CCS C compiler.  No other use, reproduction //// 
.................... //// or distribution is permitted without written permission.          //// 
.................... //// Derivative programs created using this software in object code    //// 
.................... //// form are not restricted in any way.                               //// 
.................... /////////////////////////////////////////////////////////////////////////// 
....................  
.................... #ifndef __LCD_C__ 
.................... #define __LCD_C__ 
....................  
.................... // define the pinout. 
.................... // only required if port access is being used. 
.................... typedef struct   
.................... {                            // This structure is overlayed 
....................    int1 enable;           // on to an I/O port to gain 
....................    int1 rs;               // access to the LCD pins. 
....................    int1 rw;               // The bits are allocated from 
....................    int1 unused;           // low order up.  ENABLE will 
....................    unsigned int     data : 4;         // be LSB pin of that port. 
....................   #if defined(__PCD__)       // The port used will be LCD_DATA_PORT. 
....................    unsigned int    reserved: 8; 
....................   #endif 
.................... } LCD_PIN_MAP; 
....................  
.................... // this is to improve compatability with previous LCD drivers that accepted 
.................... // a define labeled 'use_portb_lcd' that configured the LCD onto port B. 
.................... #if ((defined(use_portb_lcd)) && (use_portb_lcd==TRUE)) 
....................  #define LCD_DATA_PORT getenv("SFR:PORTB") 
.................... #endif 
....................  
.................... #if defined(__PCB__) 
....................    // these definitions only need to be modified for baseline PICs. 
....................    // all other PICs use LCD_PIN_MAP or individual LCD_xxx pin definitions. 
.................... /*                                    EN, RS,   RW,   UNUSED,  DATA  */ 
....................  const LCD_PIN_MAP LCD_OUTPUT_MAP =  {0,  0,    0,    0,       0}; 
....................  const LCD_PIN_MAP LCD_INPUT_MAP =   {0,  0,    0,    0,       0xF}; 
.................... #endif 
....................  
.................... ////////////////////// END CONFIGURATION /////////////////////////////////// 
....................  
.................... #ifndef LCD_ENABLE_PIN 
....................    #define lcd_output_enable(x) lcdlat.enable=x 
....................    #define lcd_enable_tris()   lcdtris.enable=0 
.................... #else 
....................    #define lcd_output_enable(x) output_bit(LCD_ENABLE_PIN, x) 
....................    #define lcd_enable_tris()  output_drive(LCD_ENABLE_PIN) 
.................... #endif 
....................  
.................... #ifndef LCD_RS_PIN 
....................    #define lcd_output_rs(x) lcdlat.rs=x 
....................    #define lcd_rs_tris()   lcdtris.rs=0 
.................... #else 
....................    #define lcd_output_rs(x) output_bit(LCD_RS_PIN, x) 
....................    #define lcd_rs_tris()  output_drive(LCD_RS_PIN) 
.................... #endif 
....................  
.................... #ifndef LCD_RW_PIN 
....................    #define lcd_output_rw(x) lcdlat.rw=x 
....................    #define lcd_rw_tris()   lcdtris.rw=0 
.................... #else 
....................    #define lcd_output_rw(x) output_bit(LCD_RW_PIN, x) 
....................    #define lcd_rw_tris()  output_drive(LCD_RW_PIN) 
.................... #endif 
....................  
.................... // original version of this library incorrectly labeled LCD_DATA0 as LCD_DATA4, 
.................... // LCD_DATA1 as LCD_DATA5, and so on.  this block of code makes the driver 
.................... // compatible with any code written for the original library 
.................... #if (defined(LCD_DATA0) && defined(LCD_DATA1) && defined(LCD_DATA2) && defined(LCD_DATA3) && !defined(LCD_DATA4) && !defined(LCD_DATA5) && !defined(LCD_DATA6) && !defined(LCD_DATA7)) 
....................    #define  LCD_DATA4    LCD_DATA0 
....................    #define  LCD_DATA5    LCD_DATA1 
....................    #define  LCD_DATA6    LCD_DATA2 
....................    #define  LCD_DATA7    LCD_DATA3 
.................... #endif 
....................  
.................... #ifndef LCD_DATA4 
.................... #ifndef LCD_DATA_PORT 
....................    #if defined(__PCB__) 
....................       #define LCD_DATA_PORT      0x06     //portb 
....................       #define set_tris_lcd(x)   set_tris_b(x) 
....................    #else 
....................      #if defined(PIN_D0) 
....................       #define LCD_DATA_PORT      getenv("SFR:PORTD")     //portd 
....................      #else 
....................       #define LCD_DATA_PORT      getenv("SFR:PORTB")     //portb 
....................      #endif 
....................    #endif    
.................... #endif 
....................  
.................... #if defined(__PCB__) 
....................    LCD_PIN_MAP lcd, lcdlat; 
....................    #byte lcd = LCD_DATA_PORT 
....................    #byte lcdlat = LCD_DATA_PORT 
.................... #elif defined(__PCM__) 
....................    LCD_PIN_MAP lcd, lcdlat, lcdtris; 
....................    #byte lcd = LCD_DATA_PORT 
....................    #byte lcdlat = LCD_DATA_PORT 
....................    #byte lcdtris = LCD_DATA_PORT+0x80 
.................... #elif defined(__PCH__) 
....................    LCD_PIN_MAP lcd, lcdlat, lcdtris; 
....................    #byte lcd = LCD_DATA_PORT 
....................    #byte lcdlat = LCD_DATA_PORT+9 
....................    #byte lcdtris = LCD_DATA_PORT+0x12 
.................... #elif defined(__PCD__) 
....................    LCD_PIN_MAP lcd, lcdlat, lcdtris; 
....................    #word lcd = LCD_DATA_PORT 
....................    #word lcdlat = LCD_DATA_PORT+2 
....................    #word lcdtris = LCD_DATA_PORT-0x02 
.................... #endif 
.................... #endif   //LCD_DATA4 not defined 
....................  
.................... #ifndef LCD_TYPE 
....................    #define LCD_TYPE 2           // 0=5x7, 1=5x10, 2=2 lines 
.................... #endif 
....................  
.................... #ifndef LCD_LINE_TWO 
....................    #define LCD_LINE_TWO 0x40    // LCD RAM address for the second line 
.................... #endif 
....................  
.................... #ifndef LCD_LINE_LENGTH 
....................    #define LCD_LINE_LENGTH 20 
.................... #endif 
....................  
.................... unsigned int8 lcd_read_nibble(void); 
....................  
.................... unsigned int8 lcd_read_byte(void) 
.................... { 
....................    unsigned int8 low,high; 
....................  
....................  #if defined(__PCB__) 
....................    set_tris_lcd(LCD_INPUT_MAP); 
....................  #else 
....................   #if (defined(LCD_DATA4) && defined(LCD_DATA5) && defined(LCD_DATA6) && defined(LCD_DATA7)) 
....................    output_float(LCD_DATA4); 
....................    output_float(LCD_DATA5); 
....................    output_float(LCD_DATA6); 
....................    output_float(LCD_DATA7); 
....................   #else 
....................    lcdtris.data = 0xF; 
*
0088:  MOVLW  0F
008A:  ANDWF  F95,W
008C:  IORLW  F0
008E:  MOVWF  F95
....................   #endif 
....................  #endif 
....................          
....................    lcd_output_rw(1); 
0090:  BSF    F8C.2
....................    delay_cycles(1); 
0092:  NOP   
....................    lcd_output_enable(1); 
0094:  BSF    F8C.0
....................    delay_cycles(1); 
0096:  NOP   
....................    high = lcd_read_nibble(); 
0098:  RCALL  007C
009A:  MOVFF  01,14
....................        
....................    lcd_output_enable(0); 
009E:  BCF    F8C.0
....................    delay_cycles(1); 
00A0:  NOP   
....................    lcd_output_enable(1); 
00A2:  BSF    F8C.0
....................    delay_us(1); 
00A4:  BRA    00A6
00A6:  BRA    00A8
00A8:  NOP   
....................    low = lcd_read_nibble(); 
00AA:  RCALL  007C
00AC:  MOVFF  01,13
....................        
....................    lcd_output_enable(0); 
00B0:  BCF    F8C.0
....................  
....................  #if defined(__PCB__) 
....................    set_tris_lcd(LCD_OUTPUT_MAP); 
....................  #else 
....................   #if (defined(LCD_DATA4) && defined(LCD_DATA5) && defined(LCD_DATA6) && defined(LCD_DATA7)) 
....................    output_drive(LCD_DATA4); 
....................    output_drive(LCD_DATA5); 
....................    output_drive(LCD_DATA6); 
....................    output_drive(LCD_DATA7); 
....................   #else 
....................    lcdtris.data = 0x0; 
00B2:  MOVLW  0F
00B4:  ANDWF  F95,W
00B6:  MOVWF  F95
....................   #endif 
....................  #endif 
....................  
....................    return( (high<<4) | low); 
00B8:  SWAPF  14,W
00BA:  MOVWF  00
00BC:  MOVLW  F0
00BE:  ANDWF  00,F
00C0:  MOVF   00,W
00C2:  IORWF  13,W
00C4:  MOVWF  01
00C6:  GOTO   00D4 (RETURN)
.................... } 
....................  
.................... unsigned int8 lcd_read_nibble(void) 
.................... { 
....................   #if (defined(LCD_DATA4) && defined(LCD_DATA5) && defined(LCD_DATA6) && defined(LCD_DATA7)) 
....................    unsigned int8 n = 0x00; 
....................  
....................    /* Read the data port */ 
....................    n |= input(LCD_DATA4); 
....................    n |= input(LCD_DATA5) << 1; 
....................    n |= input(LCD_DATA6) << 2; 
....................    n |= input(LCD_DATA7) << 3; 
....................     
....................    return(n); 
....................   #else 
....................    return(lcd.data); 
*
007C:  MOVF   F83,W
007E:  MOVWF  00
0080:  SWAPF  00,W
0082:  ANDLW  0F
0084:  MOVWF  01
....................   #endif 
0086:  RETURN 0
.................... } 
....................  
.................... void lcd_send_nibble(unsigned int8 n) 
.................... { 
....................   #if (defined(LCD_DATA4) && defined(LCD_DATA5) && defined(LCD_DATA6) && defined(LCD_DATA7)) 
....................    /* Write to the data port */ 
....................    output_bit(LCD_DATA4, bit_test(n, 0)); 
....................    output_bit(LCD_DATA5, bit_test(n, 1)); 
....................    output_bit(LCD_DATA6, bit_test(n, 2)); 
....................    output_bit(LCD_DATA7, bit_test(n, 3)); 
....................   #else       
....................    lcdlat.data = n; 
*
005A:  SWAPF  14,W
005C:  ANDLW  F0
005E:  MOVWF  00
0060:  MOVLW  0F
0062:  ANDWF  F8C,W
0064:  IORWF  00,W
0066:  MOVWF  F8C
....................   #endif 
....................        
....................    delay_cycles(1); 
0068:  NOP   
....................    lcd_output_enable(1); 
006A:  BSF    F8C.0
....................    delay_us(2); 
006C:  MOVLW  02
006E:  MOVWF  00
0070:  DECFSZ 00,F
0072:  BRA    0070
0074:  BRA    0076
0076:  NOP   
....................    lcd_output_enable(0); 
0078:  BCF    F8C.0
007A:  RETURN 0
.................... } 
....................  
.................... void lcd_send_byte(unsigned int8 address, unsigned int8 n) 
.................... { 
....................   #if defined(__PCB__) 
....................    set_tris_lcd(LCD_OUTPUT_MAP); 
....................   #else 
....................    lcd_enable_tris(); 
*
00CA:  BCF    F95.0
....................    lcd_rs_tris(); 
00CC:  BCF    F95.1
....................    lcd_rw_tris(); 
00CE:  BCF    F95.2
....................   #endif 
....................  
....................    lcd_output_rs(0); 
00D0:  BCF    F8C.1
....................    while ( bit_test(lcd_read_byte(),7) ) ; 
00D2:  BRA    0088
00D4:  MOVFF  01,13
00D8:  BTFSC  01.7
00DA:  BRA    00D2
....................    lcd_output_rs(address); 
00DC:  BCF    F8C.1
00DE:  BTFSC  11.0
00E0:  BSF    F8C.1
....................    delay_cycles(1); 
00E2:  NOP   
....................    lcd_output_rw(0); 
00E4:  BCF    F8C.2
....................    delay_cycles(1); 
00E6:  NOP   
....................    lcd_output_enable(0); 
00E8:  BCF    F8C.0
....................    lcd_send_nibble(n >> 4); 
00EA:  SWAPF  12,W
00EC:  MOVWF  13
00EE:  MOVLW  0F
00F0:  ANDWF  13,F
00F2:  MOVFF  13,14
00F6:  RCALL  005A
....................    lcd_send_nibble(n & 0xf); 
00F8:  MOVF   12,W
00FA:  ANDLW  0F
00FC:  MOVWF  13
00FE:  MOVWF  14
0100:  RCALL  005A
0102:  RETURN 0
.................... } 
....................  
.................... #if defined(LCD_EXTENDED_NEWLINE) 
.................... unsigned int8 g_LcdX, g_LcdY; 
.................... #endif 
....................  
.................... void lcd_init(void)  
.................... { 
....................    unsigned int8 i; 
....................    unsigned int8 LCD_INIT_STRING[4] = {0x20 | (LCD_TYPE << 2), 0xc, 1, 6}; 
0104:  MOVLW  28
0106:  MOVWF  0A
0108:  MOVLW  0C
010A:  MOVWF  0B
010C:  MOVLW  01
010E:  MOVWF  0C
0110:  MOVLW  06
0112:  MOVWF  0D
....................                              // These bytes need to be sent to the LCD 
....................                              // to start it up. 
....................     
....................  
....................    lcd_output_enable(0); 
0114:  BCF    F8C.0
....................    lcd_output_rs(0); 
0116:  BCF    F8C.1
....................    lcd_output_rw(0); 
0118:  BCF    F8C.2
....................  
....................  #if defined(__PCB__) 
....................    set_tris_lcd(LCD_OUTPUT_MAP); 
....................  #else 
....................   #if (defined(LCD_DATA4) && defined(LCD_DATA5) && defined(LCD_DATA6) && defined(LCD_DATA7)) 
....................    output_drive(LCD_DATA4); 
....................    output_drive(LCD_DATA5); 
....................    output_drive(LCD_DATA6); 
....................    output_drive(LCD_DATA7); 
....................   #else 
....................    lcdtris.data = 0x0; 
011A:  MOVLW  0F
011C:  ANDWF  F95,W
011E:  MOVWF  F95
....................   #endif 
....................    lcd_enable_tris(); 
0120:  BCF    F95.0
....................    lcd_rs_tris(); 
0122:  BCF    F95.1
....................    lcd_rw_tris(); 
0124:  BCF    F95.2
....................  #endif 
....................      
....................    delay_ms(15); 
0126:  MOVLW  0F
0128:  MOVWF  0E
012A:  RCALL  0034
....................    for(i=1;i<=3;++i) 
012C:  MOVLW  01
012E:  MOVWF  09
0130:  MOVF   09,W
0132:  SUBLW  03
0134:  BNC   0146
....................    { 
....................        lcd_send_nibble(3); 
0136:  MOVLW  03
0138:  MOVWF  14
013A:  RCALL  005A
....................        delay_ms(5); 
013C:  MOVLW  05
013E:  MOVWF  0E
0140:  RCALL  0034
0142:  INCF   09,F
0144:  BRA    0130
....................    } 
....................     
....................    lcd_send_nibble(2); 
0146:  MOVLW  02
0148:  MOVWF  14
014A:  RCALL  005A
....................    delay_ms(5); 
014C:  MOVLW  05
014E:  MOVWF  0E
0150:  RCALL  0034
....................    for(i=0;i<=3;++i) 
0152:  CLRF   09
0154:  MOVF   09,W
0156:  SUBLW  03
0158:  BNC   0178
....................       lcd_send_byte(0,LCD_INIT_STRING[i]); 
015A:  CLRF   03
015C:  MOVF   09,W
015E:  ADDLW  0A
0160:  MOVWF  FE9
0162:  MOVLW  00
0164:  ADDWFC 03,W
0166:  MOVWF  FEA
0168:  MOVFF  FEF,0E
016C:  CLRF   11
016E:  MOVFF  0E,12
0172:  RCALL  00CA
....................  
....................   #if defined(LCD_EXTENDED_NEWLINE) 
0174:  INCF   09,F
0176:  BRA    0154
0178:  GOTO   030A (RETURN)
....................    g_LcdX = 0; 
....................    g_LcdY = 0; 
....................   #endif 
.................... } 
....................  
.................... void lcd_gotoxy(unsigned int8 x, unsigned int8 y) 
.................... { 
....................    unsigned int8 address; 
....................     
....................    if(y!=1) 
*
0180:  DECFSZ 0E,W
0182:  BRA    0186
0184:  BRA    018C
....................       address=LCD_LINE_TWO; 
0186:  MOVLW  40
0188:  MOVWF  0F
018A:  BRA    018E
....................    else 
....................       address=0; 
018C:  CLRF   0F
....................       
....................    address+=x-1; 
018E:  MOVLW  01
0190:  SUBWF  0D,W
0192:  ADDWF  0F,F
....................    lcd_send_byte(0,0x80|address); 
0194:  MOVF   0F,W
0196:  IORLW  80
0198:  MOVWF  10
019A:  CLRF   11
019C:  MOVWF  12
019E:  RCALL  00CA
....................  
....................   #if defined(LCD_EXTENDED_NEWLINE) 
01A0:  RETURN 0
....................    g_LcdX = x - 1; 
....................    g_LcdY = y - 1; 
....................   #endif 
.................... } 
....................  
.................... void lcd_putc(char c) 
.................... { 
....................    switch (c) 
01A2:  MOVF   0C,W
01A4:  XORLW  07
01A6:  BZ    01B6
01A8:  XORLW  0B
01AA:  BZ    01C0
01AC:  XORLW  06
01AE:  BZ    01D0
01B0:  XORLW  02
01B2:  BZ    01DC
01B4:  BRA    01E6
....................    { 
....................       case '\a'   :  lcd_gotoxy(1,1);     break; 
01B6:  MOVLW  01
01B8:  MOVWF  0D
01BA:  MOVWF  0E
01BC:  RCALL  0180
01BE:  BRA    01F0
....................  
....................       case '\f'   :  lcd_send_byte(0,1); 
01C0:  CLRF   11
01C2:  MOVLW  01
01C4:  MOVWF  12
01C6:  RCALL  00CA
....................                      delay_ms(2); 
01C8:  MOVLW  02
01CA:  MOVWF  0E
01CC:  RCALL  0034
....................                     #if defined(LCD_EXTENDED_NEWLINE) 
....................                      g_LcdX = 0; 
....................                      g_LcdY = 0; 
....................                     #endif 
....................                      break; 
01CE:  BRA    01F0
....................  
....................      #if defined(LCD_EXTENDED_NEWLINE) 
....................       case '\r'   :  lcd_gotoxy(1, g_LcdY+1);   break; 
....................       case '\n'   : 
....................          while (g_LcdX++ < LCD_LINE_LENGTH) 
....................          { 
....................             lcd_send_byte(1, ' '); 
....................          } 
....................          lcd_gotoxy(1, g_LcdY+2); 
....................          break; 
....................      #else 
....................       case '\n'   : lcd_gotoxy(1,2);        break; 
01D0:  MOVLW  01
01D2:  MOVWF  0D
01D4:  MOVLW  02
01D6:  MOVWF  0E
01D8:  RCALL  0180
01DA:  BRA    01F0
....................      #endif 
....................       
....................       case '\b'   : lcd_send_byte(0,0x10);  break; 
01DC:  CLRF   11
01DE:  MOVLW  10
01E0:  MOVWF  12
01E2:  RCALL  00CA
01E4:  BRA    01F0
....................       
....................      #if defined(LCD_EXTENDED_NEWLINE) 
....................       default     :  
....................          if (g_LcdX < LCD_LINE_LENGTH) 
....................          { 
....................             lcd_send_byte(1, c); 
....................             g_LcdX++; 
....................          } 
....................          break; 
....................      #else 
....................       default     : lcd_send_byte(1,c);     break; 
01E6:  MOVLW  01
01E8:  MOVWF  11
01EA:  MOVFF  0C,12
01EE:  RCALL  00CA
....................      #endif 
....................    } 
01F0:  RETURN 0
.................... } 
....................   
.................... char lcd_getc(unsigned int8 x, unsigned int8 y) 
.................... { 
....................    char value; 
....................  
....................    lcd_gotoxy(x,y); 
....................    while ( bit_test(lcd_read_byte(),7) ); // wait until busy flag is low 
....................    lcd_output_rs(1); 
....................    value = lcd_read_byte(); 
....................    lcd_output_rs(0); 
....................     
....................    return(value); 
.................... } 
....................  
.................... // write a custom character to the ram 
.................... // which is 0-7 and specifies which character array we are modifying. 
.................... // ptr points to an array of 8 bytes, where each byte is the next row of 
.................... //    pixels.  only bits 0-4 are used.  the last row is the cursor row, and 
.................... //    usually you will want to leave this byte 0x00. 
.................... void lcd_set_cgram_char(unsigned int8 which, unsigned int8 *ptr) 
.................... { 
....................    unsigned int i; 
....................  
....................    which <<= 3; 
....................    which &= 0x38; 
....................  
....................    lcd_send_byte(0, 0x40 | which);  //set cgram address 
....................  
....................    for(i=0; i<8; i++) 
....................    { 
....................       lcd_send_byte(1, *ptr++); 
....................    } 
....................    
....................    #if defined(LCD_EXTENDED_NEWLINE) 
....................     lcd_gotoxy(g_LcdX+1, g_LcdY+1);  //set ddram address 
....................    #endif 
.................... } 
....................  
.................... void lcd_cursor_on(int1 on) 
.................... { 
....................    if (on) 
....................    { 
....................       lcd_send_byte(0,0x0F);           //turn LCD cursor ON 
....................    } 
....................    else 
....................    { 
....................       lcd_send_byte(0,0x0C);           //turn LCD cursor OFF 
....................    } 
.................... } 
....................  
.................... #endif 
....................  
.................... #define LCD_ENABLE_PIN  PIN_D0                                    //// 
.................... #define LCD_RS_PIN      PIN_D1                                    //// 
.................... #define LCD_RW_PIN      PIN_D2                                    //// 
.................... #define LCD_DATA4       PIN_D4                                    //// 
.................... #define LCD_DATA5       PIN_D5                                    //// 
.................... #define LCD_DATA6       PIN_D6                                    //// 
.................... #define LCD_DATA7       PIN_D7                
....................  
.................... #include <kbd.c> 
.................... /////////////////////////////////////////////////////////////////////////// 
.................... ////                             KBD.C                                 //// 
.................... ////                  Generic keypad scan driver                       //// 
.................... ////                                                                   //// 
.................... ////  kbd_init()   Must be called before any other function.           //// 
.................... ////                                                                   //// 
.................... ////  c = kbd_getc(c)  Will return a key value if pressed or /0 if not //// 
.................... ////                   This function should be called frequently so as //// 
.................... ////                   not to miss a key press.                        //// 
.................... ////                                                                   //// 
.................... /////////////////////////////////////////////////////////////////////////// 
.................... ////        (C) Copyright 1996,2003 Custom Computer Services           //// 
.................... //// This source code may only be used by licensed users of the CCS C  //// 
.................... //// compiler.  This source code may only be distributed to other      //// 
.................... //// licensed users of the CCS C compiler.  No other use, reproduction //// 
.................... //// or distribution is permitted without written permission.          //// 
.................... //// Derivative programs created using this software in object code    //// 
.................... //// form are not restricted in any way.                               //// 
.................... /////////////////////////////////////////////////////////////////////////// 
....................  
.................... ////////////////// The following defines the keypad layout on port D 
....................  
.................... // Un-comment the following define to use port B 
.................... // #define use_portb_kbd TRUE 
....................  
.................... // Make sure the port used has pull-up resistors (or the LCD) on 
.................... // the column pins 
....................  
.................... #if defined use_portb_kbd 
....................    #byte kbd = getenv("SFR:PORTB") 
.................... #else 
....................    #byte kbd = getenv("SFR:PORTD") 
.................... #endif 
....................  
.................... #if defined use_portb_kbd 
....................    #define set_tris_kbd(x) set_tris_b(x) 
.................... #else 
....................    #define set_tris_kbd(x) set_tris_d(x) 
.................... #endif 
....................  
.................... //Keypad connection:   (for example column 0 is B2) 
.................... //                Bx: 
....................  
.................... #ifdef blue_keypad  ///////////////////////////////////// For the blue keypad 
.................... #define COL0 (1 << 2) 
.................... #define COL1 (1 << 3) 
.................... #define COL2 (1 << 6) 
....................  
.................... #define ROW0 (1 << 4) 
.................... #define ROW1 (1 << 7) 
.................... #define ROW2 (1 << 1) 
.................... #define ROW3 (1 << 5) 
....................  
.................... #else ////////////////////////////////////////////////// For the black keypad 
.................... #define COL0 (1 << 5) 
.................... #define COL1 (1 << 6) 
.................... #define COL2 (1 << 7) 
....................  
.................... #define ROW0 (1 << 1) 
.................... #define ROW1 (1 << 2) 
.................... #define ROW2 (1 << 3) 
.................... #define ROW3 (1 << 4) 
....................  
.................... #endif 
....................  
.................... #define ALL_ROWS (ROW0|ROW1|ROW2|ROW3) 
.................... #define ALL_PINS (ALL_ROWS|COL0|COL1|COL2) 
....................  
.................... // Keypad layout: 
.................... char const KEYS[4][3] = {{'1','2','3'}, 
....................                          {'4','5','6'}, 
....................                          {'7','8','9'}, 
....................                          {'*','0','#'}}; 
....................  
.................... #define KBD_DEBOUNCE_FACTOR 33    // Set this number to apx n/333 where 
....................                                   // n is the number of times you expect 
....................                                   // to call kbd_getc each second 
....................  
....................  
.................... void kbd_init() { 
*
017C:  GOTO   030C (RETURN)
.................... } 
....................  
.................... char kbd_getc( ) { 
....................    static BYTE kbd_call_count; 
....................    static int1 kbd_down; 
....................    static char last_key; 
....................    static BYTE col; 
....................  
....................    BYTE kchar; 
....................    BYTE row; 
....................  
....................    kchar='\0'; 
*
0214:  CLRF   09
....................    if(++kbd_call_count>KBD_DEBOUNCE_FACTOR) { 
0216:  INCF   04,F
0218:  MOVF   04,W
021A:  SUBLW  21
021C:  BC    02C2
....................        switch (col) { 
021E:  MOVF   07,W
0220:  BZ    022C
0222:  XORLW  01
0224:  BZ    0234
0226:  XORLW  03
0228:  BZ    023C
022A:  BRA    0242
....................          case 0   : set_tris_kbd(ALL_PINS&~COL0); 
022C:  MOVLW  DE
022E:  MOVWF  F95
....................                     kbd=~COL0&ALL_PINS; 
0230:  MOVWF  F83
....................                     break; 
0232:  BRA    0242
....................          case 1   : set_tris_kbd(ALL_PINS&~COL1); 
0234:  MOVLW  BE
0236:  MOVWF  F95
....................                     kbd=~COL1&ALL_PINS; 
0238:  MOVWF  F83
....................                     break; 
023A:  BRA    0242
....................          case 2   : set_tris_kbd(ALL_PINS&~COL2); 
023C:  MOVLW  7E
023E:  MOVWF  F95
....................                     kbd=~COL2&ALL_PINS; 
0240:  MOVWF  F83
....................                     break; 
....................        } 
....................  
....................        if(kbd_down) { 
0242:  BTFSS  05.0
0244:  BRA    0258
....................          if((kbd & (ALL_ROWS))==(ALL_ROWS)) { 
0246:  MOVF   F83,W
0248:  ANDLW  1E
024A:  SUBLW  1E
024C:  BNZ   0256
....................            kbd_down=FALSE; 
024E:  BCF    05.0
....................            kchar=last_key; 
0250:  MOVFF  06,09
....................            last_key='\0'; 
0254:  CLRF   06
....................          } 
....................        } else { 
0256:  BRA    02C0
....................           if((kbd & (ALL_ROWS))!=(ALL_ROWS)) { 
0258:  MOVF   F83,W
025A:  ANDLW  1E
025C:  SUBLW  1E
025E:  BZ    02B6
....................              if((kbd & ROW0)==0) 
0260:  MOVF   F83,W
0262:  ANDLW  02
0264:  BNZ   026A
....................                row=0; 
0266:  CLRF   0A
0268:  BRA    028C
....................              else if((kbd & ROW1)==0) 
026A:  MOVF   F83,W
026C:  ANDLW  04
026E:  BNZ   0276
....................                row=1; 
0270:  MOVLW  01
0272:  MOVWF  0A
0274:  BRA    028C
....................              else if((kbd & ROW2)==0) 
0276:  MOVF   F83,W
0278:  ANDLW  08
027A:  BNZ   0282
....................                row=2; 
027C:  MOVLW  02
027E:  MOVWF  0A
0280:  BRA    028C
....................              else if((kbd & ROW3)==0) 
0282:  MOVF   F83,W
0284:  ANDLW  10
0286:  BNZ   028C
....................                row=3; 
0288:  MOVLW  03
028A:  MOVWF  0A
....................              last_key =KEYS[row][col]; 
028C:  MOVF   0A,W
028E:  MULLW  03
0290:  MOVF   FF3,W
0292:  CLRF   0C
0294:  MOVWF  0B
0296:  CLRF   03
0298:  MOVF   07,W
029A:  ADDWF  0B,W
029C:  MOVWF  01
029E:  MOVF   0C,W
02A0:  ADDWFC 03,F
02A2:  MOVF   01,W
02A4:  MOVFF  FF2,0B
02A8:  BCF    FF2.7
02AA:  RCALL  0004
02AC:  BTFSC  0B.7
02AE:  BSF    FF2.7
02B0:  MOVWF  06
....................              kbd_down = TRUE; 
02B2:  BSF    05.0
....................           } else { 
02B4:  BRA    02C0
....................              ++col; 
02B6:  INCF   07,F
....................              if(col==3) 
02B8:  MOVF   07,W
02BA:  SUBLW  03
02BC:  BNZ   02C0
....................                col=0; 
02BE:  CLRF   07
....................           } 
....................        } 
....................       kbd_call_count=0; 
02C0:  CLRF   04
....................    } 
....................   set_tris_kbd(ALL_PINS); 
02C2:  MOVLW  FE
02C4:  MOVWF  F95
....................   return(kchar); 
02C6:  MOVFF  09,01
02CA:  GOTO   031E (RETURN)
.................... } 
....................  
.................... #define use_portb_kbd TRUE 
....................  
.................... void main() 
*
02EE:  CLRF   FF8
02F0:  BCF    FD0.7
02F2:  MOVF   FC1,W
02F4:  ANDLW  C0
02F6:  IORLW  0F
02F8:  MOVWF  FC1
02FA:  MOVLW  07
02FC:  MOVWF  FB4
02FE:  BCF    05.0
0300:  CLRF   04
0302:  BCF    05.0
0304:  CLRF   06
0306:  CLRF   07
.................... { 
....................    lcd_init(); 
0308:  BRA    0104
....................    kbd_init(); 
030A:  BRA    017C
....................     
....................    delay_ms(100); 
030C:  MOVLW  64
030E:  MOVWF  0E
0310:  RCALL  0034
....................    printf(lcd_putc, "\fListo"); 
0312:  MOVLW  20
0314:  MOVWF  FF6
0316:  MOVLW  00
0318:  MOVWF  FF7
031A:  BRA    01F2
....................  
....................    while(TRUE) 
....................    { 
....................       char key = kbd_getc(); 
031C:  BRA    0214
031E:  MOVFF  01,08
....................        
....................       if(key != 0){ 
0322:  MOVF   08,F
0324:  BZ    033A
....................          printf(lcd_putc, "\fDigito: %c", key); 
0326:  MOVLW  28
0328:  MOVWF  FF6
032A:  MOVLW  00
032C:  MOVWF  FF7
032E:  MOVLW  09
0330:  MOVWF  09
0332:  BRA    02CE
0334:  MOVFF  08,0C
0338:  RCALL  01A2
....................       } 
....................       delay_ms(100); 
033A:  MOVLW  64
033C:  MOVWF  0E
033E:  RCALL  0034
0340:  BRA    031C
....................    } 
....................  
.................... } 
0342:  SLEEP 

Configuration Fuses:
   Word  1: CC04   PLL5 CPUDIV1 NOUSBDIV HS FCMEN IESO
   Word  2: 0E38   PUT NOBROWNOUT BORV21 VREGEN NOWDT WDT128
   Word  3: 8700   CCP2C1 PBADEN LPT1OSC MCLR
   Word  4: 00A1   STVREN NOLVP ICSP2 NOXINST NODEBUG
   Word  5: C00F   NOPROTECT NOCPB NOCPD
   Word  6: E00F   NOWRT NOWRTC NOWRTB NOWRTD
   Word  7: 400F   NOEBTR NOEBTRB
