CCS PCH C Compiler, Version 5.015, 5967               13-abr-18 04:47

               Filename:   C:\Users\VAIO\Desktop\class_micro\CCS C Projects\Teclado_01\teclado_uno.lst

               ROM used:   948 bytes (3%)
                           Largest free fragment is 31820
               RAM used:   9 (0%) at main() level
                           22 (1%) worst case
               Stack used: 6 locations
               Stack size: 31

*
0000:  GOTO   033C
.................... #include <teclado_uno.h> 
.................... #include <18F4550.h> 
.................... //////////// Standard Header file for the PIC18F4550 device //////////////// 
.................... /////////////////////////////////////////////////////////////////////////// 
.................... ////        (C) Copyright 1996, 2013 Custom Computer Services          //// 
.................... //// This source code may only be used by licensed users of the CCS C  //// 
.................... //// compiler.  This source code may only be distributed to other      //// 
.................... //// licensed users of the CCS C compiler.  No other use, reproduction //// 
.................... //// or distribution is permitted without written permission.          //// 
.................... //// Derivative programs created using this software in object code    //// 
.................... //// form are not restricted in any way.                               //// 
.................... /////////////////////////////////////////////////////////////////////////// 
.................... #device PIC18F4550 
0004:  CLRF   FF7
0006:  ADDLW  14
0008:  MOVWF  FF6
000A:  MOVLW  00
000C:  ADDWFC FF7,F
000E:  TBLRD*+
0010:  MOVF   FF5,W
0012:  RETURN 0
0014:  DATA 37,34
0016:  DATA 31,4E
0018:  DATA 38,35
001A:  DATA 32,30
001C:  DATA 39,36
001E:  DATA 33,3D
0020:  DATA 2F,2A
0022:  DATA 2D,2B
0024:  DATA 0C,43
0026:  DATA 6F,6D
0028:  DATA 65,6E
002A:  DATA 7A,61
002C:  DATA 6E,64
002E:  DATA 6F,00
0030:  DATA 0C,50
0032:  DATA 72,65
0034:  DATA 73,69
0036:  DATA 6F,6E
0038:  DATA 61,20
003A:  DATA 61,6C
003C:  DATA 67,75
003E:  DATA 6E,61
0040:  DATA 0A,74
0042:  DATA 65,63
0044:  DATA 6C,61
0046:  DATA 00,00
0048:  DATA 0C,54
004A:  DATA 65,63
004C:  DATA 6C,61
004E:  DATA 20,70
0050:  DATA 75,6C
0052:  DATA 73,61
0054:  DATA 64,61
0056:  DATA 3A,20
0058:  DATA 25,63
005A:  DATA 00,00
*
021A:  TBLRD*+
021C:  MOVF   FF5,F
021E:  BZ    0238
0220:  MOVFF  FF6,09
0224:  MOVFF  FF7,0A
0228:  MOVFF  FF5,0C
022C:  RCALL  01CA
022E:  MOVFF  09,FF6
0232:  MOVFF  0A,FF7
0236:  BRA    021A
0238:  RETURN 0
*
02FA:  ADDWF  FE8,W
02FC:  CLRF   FF7
02FE:  RLCF   FF7,F
0300:  ADDLW  15
0302:  MOVWF  FF6
0304:  MOVLW  03
0306:  ADDWFC FF7,F
0308:  TBLRD*-
030A:  MOVF   FF5,W
030C:  MOVWF  FFA
030E:  TBLRD*
0310:  MOVF   FF5,W
0312:  MOVWF  FF9
0314:  DATA 50,02
0316:  DATA 58,02
0318:  DATA 60,02
031A:  DATA 68,02
031C:  TBLRD*+
031E:  MOVFF  FF6,0A
0322:  MOVFF  FF7,0B
0326:  MOVFF  FF5,0C
032A:  RCALL  01CA
032C:  MOVFF  0A,FF6
0330:  MOVFF  0B,FF7
0334:  DECFSZ 09,F
0336:  BRA    031C
0338:  GOTO   03AA (RETURN)
....................  
.................... #list 
....................  
.................... #device ADC=16 
....................  
.................... #FUSES NOWDT                 	//No Watch Dog Timer 
.................... #FUSES WDT128                	//Watch Dog Timer uses 1:128 Postscale 
.................... #FUSES NOBROWNOUT            	//No brownout reset 
.................... #FUSES NOLVP                 	//No low voltage prgming, B3(PIC16) or B5(PIC18) used for I/O 
.................... #FUSES NOXINST               	//Extended set extension and Indexed Addressing mode disabled (Legacy mode) 
....................  
.................... #use delay(crystal=20000000) 
*
005C:  CLRF   FEA
005E:  MOVLW  0E
0060:  MOVWF  FE9
0062:  MOVF   FEF,W
0064:  BZ    0080
0066:  MOVLW  06
0068:  MOVWF  01
006A:  CLRF   00
006C:  DECFSZ 00,F
006E:  BRA    006C
0070:  DECFSZ 01,F
0072:  BRA    006A
0074:  MOVLW  7B
0076:  MOVWF  00
0078:  DECFSZ 00,F
007A:  BRA    0078
007C:  DECFSZ FEF,F
007E:  BRA    0066
0080:  RETURN 0
....................  
....................  
....................  
.................... #define LCD_DATA_PORT getenv("SFR:PORTD") //defino el puerto de la LCD 
.................... #include <lcd.c> //libreria de la LCD 
.................... /////////////////////////////////////////////////////////////////////////////// 
.................... ////                             LCD.C                                     //// 
.................... ////                 Driver for common LCD modules                         //// 
.................... ////                                                                       //// 
.................... ////  lcd_init()   Must be called before any other function.               //// 
.................... ////                                                                       //// 
.................... ////  lcd_putc(c)  Will display c on the next position of the LCD.         //// 
.................... ////                 \a  Set cursor position to upper left                 //// 
.................... ////                 \f  Clear display, set cursor to upper left           //// 
.................... ////                 \n  Go to start of second line                        //// 
.................... ////                 \b  Move back one position                            //// 
.................... ////              If LCD_EXTENDED_NEWLINE is defined, the \n character     //// 
.................... ////              will erase all remanining characters on the current      //// 
.................... ////              line, and move the cursor to the beginning of the next   //// 
.................... ////              line.                                                    //// 
.................... ////              If LCD_EXTENDED_NEWLINE is defined, the \r character     //// 
.................... ////              will move the cursor to the start of the current         //// 
.................... ////              line.                                                    //// 
.................... ////                                                                       //// 
.................... ////  lcd_gotoxy(x,y) Set write position on LCD (upper left is 1,1)        //// 
.................... ////                                                                       //// 
.................... ////  lcd_getc(x,y)   Returns character at position x,y on LCD             //// 
.................... ////                                                                       //// 
.................... ////  lcd_cursor_on(int1 on)   Turn the cursor on (on=TRUE) or off         //// 
.................... ////              (on=FALSE).                                              //// 
.................... ////                                                                       //// 
.................... ////  lcd_set_cgram_char(w, *p)   Write a custom character to the CGRAM.   //// 
.................... ////                                                                       //// 
.................... ////                                                                       //// 
.................... ////  CONFIGURATION                                                        //// 
.................... ////  The LCD can be configured in one of two ways: a.) port access or     //// 
.................... ////  b.) pin access.  Port access requires the entire 7 bit interface     //// 
.................... ////  connected to one GPIO port, and the data bits (D4:D7 of the LCD)     //// 
.................... ////  connected to sequential pins on the GPIO.  Pin access                //// 
.................... ////  has no requirements, all 7 bits of the control interface can         //// 
.................... ////  can be connected to any GPIO using several ports.                    //// 
.................... ////                                                                       //// 
.................... ////  To use port access, #define LCD_DATA_PORT to the SFR location of     //// 
.................... ////  of the GPIO port that holds the interface, -AND- edit LCD_PIN_MAP    //// 
.................... ////  of this file to configure the pin order.  If you are using a         //// 
.................... ////  baseline PIC (PCB), then LCD_OUTPUT_MAP and LCD_INPUT_MAP also must  //// 
.................... ////  be defined.                                                          //// 
.................... ////                                                                       //// 
.................... ////  Example of port access:                                              //// 
.................... ////     #define LCD_DATA_PORT getenv("SFR:PORTD")                         //// 
.................... ////                                                                       //// 
.................... ////  To use pin access, the following pins must be defined:               //// 
.................... ////     LCD_ENABLE_PIN                                                    //// 
.................... ////     LCD_RS_PIN                                                        //// 
.................... ////     LCD_RW_PIN                                                        //// 
.................... ////     LCD_DATA4                                                         //// 
.................... ////     LCD_DATA5                                                         //// 
.................... ////     LCD_DATA6                                                         //// 
.................... ////     LCD_DATA7                                                         //// 
.................... ////                                                                       //// 
.................... ////  Example of pin access:                                               //// 
.................... ////     #define LCD_ENABLE_PIN  PIN_E0                                    //// 
.................... ////     #define LCD_RS_PIN      PIN_E1                                    //// 
.................... ////     #define LCD_RW_PIN      PIN_E2                                    //// 
.................... ////     #define LCD_DATA4       PIN_D4                                    //// 
.................... ////     #define LCD_DATA5       PIN_D5                                    //// 
.................... ////     #define LCD_DATA6       PIN_D6                                    //// 
.................... ////     #define LCD_DATA7       PIN_D7                                    //// 
.................... ////                                                                       //// 
.................... /////////////////////////////////////////////////////////////////////////////// 
.................... ////        (C) Copyright 1996,2010 Custom Computer Services           //// 
.................... //// This source code may only be used by licensed users of the CCS C  //// 
.................... //// compiler.  This source code may only be distributed to other      //// 
.................... //// licensed users of the CCS C compiler.  No other use, reproduction //// 
.................... //// or distribution is permitted without written permission.          //// 
.................... //// Derivative programs created using this software in object code    //// 
.................... //// form are not restricted in any way.                               //// 
.................... /////////////////////////////////////////////////////////////////////////// 
....................  
.................... #ifndef __LCD_C__ 
.................... #define __LCD_C__ 
....................  
.................... // define the pinout. 
.................... // only required if port access is being used. 
.................... typedef struct   
.................... {                            // This structure is overlayed 
....................    int1 enable;           // on to an I/O port to gain 
....................    int1 rs;               // access to the LCD pins. 
....................    int1 rw;               // The bits are allocated from 
....................    int1 unused;           // low order up.  ENABLE will 
....................    unsigned int     data : 4;         // be LSB pin of that port. 
....................   #if defined(__PCD__)       // The port used will be LCD_DATA_PORT. 
....................    unsigned int    reserved: 8; 
....................   #endif 
.................... } LCD_PIN_MAP; 
....................  
.................... // this is to improve compatability with previous LCD drivers that accepted 
.................... // a define labeled 'use_portb_lcd' that configured the LCD onto port B. 
.................... #if ((defined(use_portb_lcd)) && (use_portb_lcd==TRUE)) 
....................  #define LCD_DATA_PORT getenv("SFR:PORTB") 
.................... #endif 
....................  
.................... #if defined(__PCB__) 
....................    // these definitions only need to be modified for baseline PICs. 
....................    // all other PICs use LCD_PIN_MAP or individual LCD_xxx pin definitions. 
.................... /*                                    EN, RS,   RW,   UNUSED,  DATA  */ 
....................  const LCD_PIN_MAP LCD_OUTPUT_MAP =  {0,  0,    0,    0,       0}; 
....................  const LCD_PIN_MAP LCD_INPUT_MAP =   {0,  0,    0,    0,       0xF}; 
.................... #endif 
....................  
.................... ////////////////////// END CONFIGURATION /////////////////////////////////// 
....................  
.................... #ifndef LCD_ENABLE_PIN 
....................    #define lcd_output_enable(x) lcdlat.enable=x 
....................    #define lcd_enable_tris()   lcdtris.enable=0 
.................... #else 
....................    #define lcd_output_enable(x) output_bit(LCD_ENABLE_PIN, x) 
....................    #define lcd_enable_tris()  output_drive(LCD_ENABLE_PIN) 
.................... #endif 
....................  
.................... #ifndef LCD_RS_PIN 
....................    #define lcd_output_rs(x) lcdlat.rs=x 
....................    #define lcd_rs_tris()   lcdtris.rs=0 
.................... #else 
....................    #define lcd_output_rs(x) output_bit(LCD_RS_PIN, x) 
....................    #define lcd_rs_tris()  output_drive(LCD_RS_PIN) 
.................... #endif 
....................  
.................... #ifndef LCD_RW_PIN 
....................    #define lcd_output_rw(x) lcdlat.rw=x 
....................    #define lcd_rw_tris()   lcdtris.rw=0 
.................... #else 
....................    #define lcd_output_rw(x) output_bit(LCD_RW_PIN, x) 
....................    #define lcd_rw_tris()  output_drive(LCD_RW_PIN) 
.................... #endif 
....................  
.................... // original version of this library incorrectly labeled LCD_DATA0 as LCD_DATA4, 
.................... // LCD_DATA1 as LCD_DATA5, and so on.  this block of code makes the driver 
.................... // compatible with any code written for the original library 
.................... #if (defined(LCD_DATA0) && defined(LCD_DATA1) && defined(LCD_DATA2) && defined(LCD_DATA3) && !defined(LCD_DATA4) && !defined(LCD_DATA5) && !defined(LCD_DATA6) && !defined(LCD_DATA7)) 
....................    #define  LCD_DATA4    LCD_DATA0 
....................    #define  LCD_DATA5    LCD_DATA1 
....................    #define  LCD_DATA6    LCD_DATA2 
....................    #define  LCD_DATA7    LCD_DATA3 
.................... #endif 
....................  
.................... #ifndef LCD_DATA4 
.................... #ifndef LCD_DATA_PORT 
....................    #if defined(__PCB__) 
....................       #define LCD_DATA_PORT      0x06     //portb 
....................       #define set_tris_lcd(x)   set_tris_b(x) 
....................    #else 
....................      #if defined(PIN_D0) 
....................       #define LCD_DATA_PORT      getenv("SFR:PORTD")     //portd 
....................      #else 
....................       #define LCD_DATA_PORT      getenv("SFR:PORTB")     //portb 
....................      #endif 
....................    #endif    
.................... #endif 
....................  
.................... #if defined(__PCB__) 
....................    LCD_PIN_MAP lcd, lcdlat; 
....................    #byte lcd = LCD_DATA_PORT 
....................    #byte lcdlat = LCD_DATA_PORT 
.................... #elif defined(__PCM__) 
....................    LCD_PIN_MAP lcd, lcdlat, lcdtris; 
....................    #byte lcd = LCD_DATA_PORT 
....................    #byte lcdlat = LCD_DATA_PORT 
....................    #byte lcdtris = LCD_DATA_PORT+0x80 
.................... #elif defined(__PCH__) 
....................    LCD_PIN_MAP lcd, lcdlat, lcdtris; 
....................    #byte lcd = LCD_DATA_PORT 
....................    #byte lcdlat = LCD_DATA_PORT+9 
....................    #byte lcdtris = LCD_DATA_PORT+0x12 
.................... #elif defined(__PCD__) 
....................    LCD_PIN_MAP lcd, lcdlat, lcdtris; 
....................    #word lcd = LCD_DATA_PORT 
....................    #word lcdlat = LCD_DATA_PORT+2 
....................    #word lcdtris = LCD_DATA_PORT-0x02 
.................... #endif 
.................... #endif   //LCD_DATA4 not defined 
....................  
.................... #ifndef LCD_TYPE 
....................    #define LCD_TYPE 2           // 0=5x7, 1=5x10, 2=2 lines 
.................... #endif 
....................  
.................... #ifndef LCD_LINE_TWO 
....................    #define LCD_LINE_TWO 0x40    // LCD RAM address for the second line 
.................... #endif 
....................  
.................... #ifndef LCD_LINE_LENGTH 
....................    #define LCD_LINE_LENGTH 20 
.................... #endif 
....................  
.................... unsigned int8 lcd_read_nibble(void); 
....................  
.................... unsigned int8 lcd_read_byte(void) 
.................... { 
....................    unsigned int8 low,high; 
....................  
....................  #if defined(__PCB__) 
....................    set_tris_lcd(LCD_INPUT_MAP); 
....................  #else 
....................   #if (defined(LCD_DATA4) && defined(LCD_DATA5) && defined(LCD_DATA6) && defined(LCD_DATA7)) 
....................    output_float(LCD_DATA4); 
....................    output_float(LCD_DATA5); 
....................    output_float(LCD_DATA6); 
....................    output_float(LCD_DATA7); 
....................   #else 
....................    lcdtris.data = 0xF; 
*
00B0:  MOVLW  0F
00B2:  ANDWF  F95,W
00B4:  IORLW  F0
00B6:  MOVWF  F95
....................   #endif 
....................  #endif 
....................          
....................    lcd_output_rw(1); 
00B8:  BSF    F8C.2
....................    delay_cycles(1); 
00BA:  NOP   
....................    lcd_output_enable(1); 
00BC:  BSF    F8C.0
....................    delay_cycles(1); 
00BE:  NOP   
....................    high = lcd_read_nibble(); 
00C0:  RCALL  00A4
00C2:  MOVFF  01,14
....................        
....................    lcd_output_enable(0); 
00C6:  BCF    F8C.0
....................    delay_cycles(1); 
00C8:  NOP   
....................    lcd_output_enable(1); 
00CA:  BSF    F8C.0
....................    delay_us(1); 
00CC:  BRA    00CE
00CE:  BRA    00D0
00D0:  NOP   
....................    low = lcd_read_nibble(); 
00D2:  RCALL  00A4
00D4:  MOVFF  01,13
....................        
....................    lcd_output_enable(0); 
00D8:  BCF    F8C.0
....................  
....................  #if defined(__PCB__) 
....................    set_tris_lcd(LCD_OUTPUT_MAP); 
....................  #else 
....................   #if (defined(LCD_DATA4) && defined(LCD_DATA5) && defined(LCD_DATA6) && defined(LCD_DATA7)) 
....................    output_drive(LCD_DATA4); 
....................    output_drive(LCD_DATA5); 
....................    output_drive(LCD_DATA6); 
....................    output_drive(LCD_DATA7); 
....................   #else 
....................    lcdtris.data = 0x0; 
00DA:  MOVLW  0F
00DC:  ANDWF  F95,W
00DE:  MOVWF  F95
....................   #endif 
....................  #endif 
....................  
....................    return( (high<<4) | low); 
00E0:  SWAPF  14,W
00E2:  MOVWF  00
00E4:  MOVLW  F0
00E6:  ANDWF  00,F
00E8:  MOVF   00,W
00EA:  IORWF  13,W
00EC:  MOVWF  01
00EE:  GOTO   00FC (RETURN)
.................... } 
....................  
.................... unsigned int8 lcd_read_nibble(void) 
.................... { 
....................   #if (defined(LCD_DATA4) && defined(LCD_DATA5) && defined(LCD_DATA6) && defined(LCD_DATA7)) 
....................    unsigned int8 n = 0x00; 
....................  
....................    /* Read the data port */ 
....................    n |= input(LCD_DATA4); 
....................    n |= input(LCD_DATA5) << 1; 
....................    n |= input(LCD_DATA6) << 2; 
....................    n |= input(LCD_DATA7) << 3; 
....................     
....................    return(n); 
....................   #else 
....................    return(lcd.data); 
*
00A4:  MOVF   F83,W
00A6:  MOVWF  00
00A8:  SWAPF  00,W
00AA:  ANDLW  0F
00AC:  MOVWF  01
....................   #endif 
00AE:  RETURN 0
.................... } 
....................  
.................... void lcd_send_nibble(unsigned int8 n) 
.................... { 
....................   #if (defined(LCD_DATA4) && defined(LCD_DATA5) && defined(LCD_DATA6) && defined(LCD_DATA7)) 
....................    /* Write to the data port */ 
....................    output_bit(LCD_DATA4, bit_test(n, 0)); 
....................    output_bit(LCD_DATA5, bit_test(n, 1)); 
....................    output_bit(LCD_DATA6, bit_test(n, 2)); 
....................    output_bit(LCD_DATA7, bit_test(n, 3)); 
....................   #else       
....................    lcdlat.data = n; 
*
0082:  SWAPF  14,W
0084:  ANDLW  F0
0086:  MOVWF  00
0088:  MOVLW  0F
008A:  ANDWF  F8C,W
008C:  IORWF  00,W
008E:  MOVWF  F8C
....................   #endif 
....................        
....................    delay_cycles(1); 
0090:  NOP   
....................    lcd_output_enable(1); 
0092:  BSF    F8C.0
....................    delay_us(2); 
0094:  MOVLW  02
0096:  MOVWF  00
0098:  DECFSZ 00,F
009A:  BRA    0098
009C:  BRA    009E
009E:  NOP   
....................    lcd_output_enable(0); 
00A0:  BCF    F8C.0
00A2:  RETURN 0
.................... } 
....................  
.................... void lcd_send_byte(unsigned int8 address, unsigned int8 n) 
.................... { 
....................   #if defined(__PCB__) 
....................    set_tris_lcd(LCD_OUTPUT_MAP); 
....................   #else 
....................    lcd_enable_tris(); 
*
00F2:  BCF    F95.0
....................    lcd_rs_tris(); 
00F4:  BCF    F95.1
....................    lcd_rw_tris(); 
00F6:  BCF    F95.2
....................   #endif 
....................  
....................    lcd_output_rs(0); 
00F8:  BCF    F8C.1
....................    while ( bit_test(lcd_read_byte(),7) ) ; 
00FA:  BRA    00B0
00FC:  MOVFF  01,13
0100:  BTFSC  01.7
0102:  BRA    00FA
....................    lcd_output_rs(address); 
0104:  BCF    F8C.1
0106:  BTFSC  11.0
0108:  BSF    F8C.1
....................    delay_cycles(1); 
010A:  NOP   
....................    lcd_output_rw(0); 
010C:  BCF    F8C.2
....................    delay_cycles(1); 
010E:  NOP   
....................    lcd_output_enable(0); 
0110:  BCF    F8C.0
....................    lcd_send_nibble(n >> 4); 
0112:  SWAPF  12,W
0114:  MOVWF  13
0116:  MOVLW  0F
0118:  ANDWF  13,F
011A:  MOVFF  13,14
011E:  RCALL  0082
....................    lcd_send_nibble(n & 0xf); 
0120:  MOVF   12,W
0122:  ANDLW  0F
0124:  MOVWF  13
0126:  MOVWF  14
0128:  RCALL  0082
012A:  RETURN 0
.................... } 
....................  
.................... #if defined(LCD_EXTENDED_NEWLINE) 
.................... unsigned int8 g_LcdX, g_LcdY; 
.................... #endif 
....................  
.................... void lcd_init(void)  
.................... { 
....................    unsigned int8 i; 
....................    unsigned int8 LCD_INIT_STRING[4] = {0x20 | (LCD_TYPE << 2), 0xc, 1, 6}; 
012C:  MOVLW  28
012E:  MOVWF  0A
0130:  MOVLW  0C
0132:  MOVWF  0B
0134:  MOVLW  01
0136:  MOVWF  0C
0138:  MOVLW  06
013A:  MOVWF  0D
....................                              // These bytes need to be sent to the LCD 
....................                              // to start it up. 
....................     
....................  
....................    lcd_output_enable(0); 
013C:  BCF    F8C.0
....................    lcd_output_rs(0); 
013E:  BCF    F8C.1
....................    lcd_output_rw(0); 
0140:  BCF    F8C.2
....................  
....................  #if defined(__PCB__) 
....................    set_tris_lcd(LCD_OUTPUT_MAP); 
....................  #else 
....................   #if (defined(LCD_DATA4) && defined(LCD_DATA5) && defined(LCD_DATA6) && defined(LCD_DATA7)) 
....................    output_drive(LCD_DATA4); 
....................    output_drive(LCD_DATA5); 
....................    output_drive(LCD_DATA6); 
....................    output_drive(LCD_DATA7); 
....................   #else 
....................    lcdtris.data = 0x0; 
0142:  MOVLW  0F
0144:  ANDWF  F95,W
0146:  MOVWF  F95
....................   #endif 
....................    lcd_enable_tris(); 
0148:  BCF    F95.0
....................    lcd_rs_tris(); 
014A:  BCF    F95.1
....................    lcd_rw_tris(); 
014C:  BCF    F95.2
....................  #endif 
....................      
....................    delay_ms(15); 
014E:  MOVLW  0F
0150:  MOVWF  0E
0152:  RCALL  005C
....................    for(i=1;i<=3;++i) 
0154:  MOVLW  01
0156:  MOVWF  09
0158:  MOVF   09,W
015A:  SUBLW  03
015C:  BNC   016E
....................    { 
....................        lcd_send_nibble(3); 
015E:  MOVLW  03
0160:  MOVWF  14
0162:  RCALL  0082
....................        delay_ms(5); 
0164:  MOVLW  05
0166:  MOVWF  0E
0168:  RCALL  005C
016A:  INCF   09,F
016C:  BRA    0158
....................    } 
....................     
....................    lcd_send_nibble(2); 
016E:  MOVLW  02
0170:  MOVWF  14
0172:  RCALL  0082
....................    delay_ms(5); 
0174:  MOVLW  05
0176:  MOVWF  0E
0178:  RCALL  005C
....................    for(i=0;i<=3;++i) 
017A:  CLRF   09
017C:  MOVF   09,W
017E:  SUBLW  03
0180:  BNC   01A0
....................       lcd_send_byte(0,LCD_INIT_STRING[i]); 
0182:  CLRF   03
0184:  MOVF   09,W
0186:  ADDLW  0A
0188:  MOVWF  FE9
018A:  MOVLW  00
018C:  ADDWFC 03,W
018E:  MOVWF  FEA
0190:  MOVFF  FEF,0E
0194:  CLRF   11
0196:  MOVFF  0E,12
019A:  RCALL  00F2
....................  
....................   #if defined(LCD_EXTENDED_NEWLINE) 
019C:  INCF   09,F
019E:  BRA    017C
01A0:  GOTO   0358 (RETURN)
....................    g_LcdX = 0; 
....................    g_LcdY = 0; 
....................   #endif 
.................... } 
....................  
.................... void lcd_gotoxy(unsigned int8 x, unsigned int8 y) 
.................... { 
....................    unsigned int8 address; 
....................     
....................    if(y!=1) 
*
01A8:  DECFSZ 0E,W
01AA:  BRA    01AE
01AC:  BRA    01B4
....................       address=LCD_LINE_TWO; 
01AE:  MOVLW  40
01B0:  MOVWF  0F
01B2:  BRA    01B6
....................    else 
....................       address=0; 
01B4:  CLRF   0F
....................       
....................    address+=x-1; 
01B6:  MOVLW  01
01B8:  SUBWF  0D,W
01BA:  ADDWF  0F,F
....................    lcd_send_byte(0,0x80|address); 
01BC:  MOVF   0F,W
01BE:  IORLW  80
01C0:  MOVWF  10
01C2:  CLRF   11
01C4:  MOVWF  12
01C6:  RCALL  00F2
....................  
....................   #if defined(LCD_EXTENDED_NEWLINE) 
01C8:  RETURN 0
....................    g_LcdX = x - 1; 
....................    g_LcdY = y - 1; 
....................   #endif 
.................... } 
....................  
.................... void lcd_putc(char c) 
.................... { 
....................    switch (c) 
01CA:  MOVF   0C,W
01CC:  XORLW  07
01CE:  BZ    01DE
01D0:  XORLW  0B
01D2:  BZ    01E8
01D4:  XORLW  06
01D6:  BZ    01F8
01D8:  XORLW  02
01DA:  BZ    0204
01DC:  BRA    020E
....................    { 
....................       case '\a'   :  lcd_gotoxy(1,1);     break; 
01DE:  MOVLW  01
01E0:  MOVWF  0D
01E2:  MOVWF  0E
01E4:  RCALL  01A8
01E6:  BRA    0218
....................  
....................       case '\f'   :  lcd_send_byte(0,1); 
01E8:  CLRF   11
01EA:  MOVLW  01
01EC:  MOVWF  12
01EE:  RCALL  00F2
....................                      delay_ms(2); 
01F0:  MOVLW  02
01F2:  MOVWF  0E
01F4:  RCALL  005C
....................                     #if defined(LCD_EXTENDED_NEWLINE) 
....................                      g_LcdX = 0; 
....................                      g_LcdY = 0; 
....................                     #endif 
....................                      break; 
01F6:  BRA    0218
....................  
....................      #if defined(LCD_EXTENDED_NEWLINE) 
....................       case '\r'   :  lcd_gotoxy(1, g_LcdY+1);   break; 
....................       case '\n'   : 
....................          while (g_LcdX++ < LCD_LINE_LENGTH) 
....................          { 
....................             lcd_send_byte(1, ' '); 
....................          } 
....................          lcd_gotoxy(1, g_LcdY+2); 
....................          break; 
....................      #else 
....................       case '\n'   : lcd_gotoxy(1,2);        break; 
01F8:  MOVLW  01
01FA:  MOVWF  0D
01FC:  MOVLW  02
01FE:  MOVWF  0E
0200:  RCALL  01A8
0202:  BRA    0218
....................      #endif 
....................       
....................       case '\b'   : lcd_send_byte(0,0x10);  break; 
0204:  CLRF   11
0206:  MOVLW  10
0208:  MOVWF  12
020A:  RCALL  00F2
020C:  BRA    0218
....................       
....................      #if defined(LCD_EXTENDED_NEWLINE) 
....................       default     :  
....................          if (g_LcdX < LCD_LINE_LENGTH) 
....................          { 
....................             lcd_send_byte(1, c); 
....................             g_LcdX++; 
....................          } 
....................          break; 
....................      #else 
....................       default     : lcd_send_byte(1,c);     break; 
020E:  MOVLW  01
0210:  MOVWF  11
0212:  MOVFF  0C,12
0216:  RCALL  00F2
....................      #endif 
....................    } 
0218:  RETURN 0
.................... } 
....................   
.................... char lcd_getc(unsigned int8 x, unsigned int8 y) 
.................... { 
....................    char value; 
....................  
....................    lcd_gotoxy(x,y); 
....................    while ( bit_test(lcd_read_byte(),7) ); // wait until busy flag is low 
....................    lcd_output_rs(1); 
....................    value = lcd_read_byte(); 
....................    lcd_output_rs(0); 
....................     
....................    return(value); 
.................... } 
....................  
.................... // write a custom character to the ram 
.................... // which is 0-7 and specifies which character array we are modifying. 
.................... // ptr points to an array of 8 bytes, where each byte is the next row of 
.................... //    pixels.  only bits 0-4 are used.  the last row is the cursor row, and 
.................... //    usually you will want to leave this byte 0x00. 
.................... void lcd_set_cgram_char(unsigned int8 which, unsigned int8 *ptr) 
.................... { 
....................    unsigned int i; 
....................  
....................    which <<= 3; 
....................    which &= 0x38; 
....................  
....................    lcd_send_byte(0, 0x40 | which);  //set cgram address 
....................  
....................    for(i=0; i<8; i++) 
....................    { 
....................       lcd_send_byte(1, *ptr++); 
....................    } 
....................    
....................    #if defined(LCD_EXTENDED_NEWLINE) 
....................     lcd_gotoxy(g_LcdX+1, g_LcdY+1);  //set ddram address 
....................    #endif 
.................... } 
....................  
.................... void lcd_cursor_on(int1 on) 
.................... { 
....................    if (on) 
....................    { 
....................       lcd_send_byte(0,0x0F);           //turn LCD cursor ON 
....................    } 
....................    else 
....................    { 
....................       lcd_send_byte(0,0x0C);           //turn LCD cursor OFF 
....................    } 
.................... } 
....................  
.................... #endif 
....................  
.................... #define LCD_ENABLE_PIN  PIN_D0                                    //// 
.................... #define LCD_RS_PIN      PIN_D1                                    //// 
.................... #define LCD_RW_PIN      PIN_D2                                    //// 
.................... #define LCD_DATA4       PIN_D4                                    //// 
.................... #define LCD_DATA5       PIN_D5                                    //// 
.................... #define LCD_DATA6       PIN_D6                                    //// 
.................... #define LCD_DATA7       PIN_D7   
....................  
.................... #include "keypad4x4.c" 
.................... ////  kbd_init()   Must be called before any other function.           //// 
.................... ////  c = kbd_getc(c)  Will return a key value if pressed or /0 if not //// 
....................  
.................... // Un-comment the following define to use port B 
.................... #define use_portb_kbd TRUE 
....................  
.................... // Make sure the port used has pull-up resistors (or the LCD) on 
.................... // the column pins 
....................  
....................  
.................... #if defined(__PCH__) 
.................... #if defined use_portb_kbd 
....................    #byte kbd = 0xF81              // This puts the entire structure 
.................... #else 
....................    #byte kbd = 0xF83              // This puts the entire structure 
.................... #endif 
.................... #else 
.................... #if defined use_portb_kbd 
....................    #byte kbd = 6                  // on to port B (at address 6) 
.................... #else 
....................    #byte kbd = 8                  // on to port D (at address 8) 
.................... #endif 
.................... #endif 
....................  
.................... #if defined use_portb_kbd 
....................    #define set_tris_kbd(x) set_tris_b(x) 
.................... #else 
....................    #define set_tris_kbd(x) set_tris_d(x) 
.................... #endif 
....................  
.................... //Keypad connection:   (for example column 0 is B0) 
....................  
.................... #define COL0 (1 << 0) // PIN_B0 
.................... #define COL1 (1 << 1) // PIN_B1 
.................... #define COL2 (1 << 2) // PIN_B2 
.................... #define COL3 (1 << 3) // PIN_B3 
....................  
.................... #define ROW0 (1 << 4) // PIN_B4 
.................... #define ROW1 (1 << 5) // PIN_B5 
.................... #define ROW2 (1 << 6) // PIN_B6 
.................... #define ROW3 (1 << 7) // PIN_B7 
....................  
.................... #define ALL_ROWS (ROW0|ROW1|ROW2|ROW3) 
.................... #define ALL_PINS (ALL_ROWS|COL0|COL1|COL2|COL3) 
....................  
.................... // Keypad layout: 
.................... char const KEYS[4][4] = {{'7','4','1','N'}, //columna 1 
....................                          {'8','5','2','0'}, //columna 2 
....................                          {'9','6','3','='}, //columna 3 
....................                          {'/','*','-','+'} //columna 4 
....................                          }; 
....................  
.................... #define KBD_DEBOUNCE_FACTOR 33    // Set this number to apx n/333 where 
....................                                   // n is the number of times you expect 
....................                                   // to call kbd_getc each second 
....................  
.................... void kbd_init() { 
*
01A4:  GOTO   0360 (RETURN)
.................... } 
....................  
.................... char kbd_getc( ) { 
....................    static byte kbd_call_count; 
....................    static short int kbd_down; 
....................    static char last_key; 
....................    static byte col; 
....................  
....................    byte kchar; 
....................    byte row; 
....................  
....................    kchar='\0'; 
*
023A:  CLRF   09
....................    if(++kbd_call_count>KBD_DEBOUNCE_FACTOR) { 
023C:  INCF   04,F
023E:  MOVF   04,W
0240:  SUBLW  21
0242:  BC    02EE
....................        switch (col) { 
0244:  MOVF   07,W
0246:  ADDLW  FC
0248:  BC    026E
024A:  ADDLW  04
024C:  GOTO   02FA
....................          case 0   : set_tris_kbd(ALL_PINS&~COL0); 
0250:  MOVLW  FE
0252:  MOVWF  F93
....................                     kbd=~COL0&ALL_PINS; 
0254:  MOVWF  F81
....................                     break; 
0256:  BRA    026E
....................          case 1   : set_tris_kbd(ALL_PINS&~COL1); 
0258:  MOVLW  FD
025A:  MOVWF  F93
....................                     kbd=~COL1&ALL_PINS; 
025C:  MOVWF  F81
....................                     break; 
025E:  BRA    026E
....................          case 2   : set_tris_kbd(ALL_PINS&~COL2); 
0260:  MOVLW  FB
0262:  MOVWF  F93
....................                     kbd=~COL2&ALL_PINS; 
0264:  MOVWF  F81
....................                     break; 
0266:  BRA    026E
....................          case 3   : set_tris_kbd(ALL_PINS&~COL3); 
0268:  MOVLW  F7
026A:  MOVWF  F93
....................                     kbd=~COL3&ALL_PINS; 
026C:  MOVWF  F81
....................                     break; 
....................        } 
....................  
....................        if(kbd_down) { 
026E:  BTFSS  05.0
0270:  BRA    0284
....................          if((kbd & (ALL_ROWS))==(ALL_ROWS)) { 
0272:  MOVF   F81,W
0274:  ANDLW  F0
0276:  SUBLW  F0
0278:  BNZ   0282
....................            kbd_down=false; 
027A:  BCF    05.0
....................            kchar=last_key; 
027C:  MOVFF  06,09
....................            last_key='\0'; 
0280:  CLRF   06
....................          } 
....................        } else { 
0282:  BRA    02EC
....................           if((kbd & (ALL_ROWS))!=(ALL_ROWS)) { 
0284:  MOVF   F81,W
0286:  ANDLW  F0
0288:  SUBLW  F0
028A:  BZ    02E2
....................              if((kbd & ROW0)==0) 
028C:  MOVF   F81,W
028E:  ANDLW  10
0290:  BNZ   0296
....................                row=0; 
0292:  CLRF   0A
0294:  BRA    02B8
....................              else if((kbd & ROW1)==0) 
0296:  MOVF   F81,W
0298:  ANDLW  20
029A:  BNZ   02A2
....................                row=1; 
029C:  MOVLW  01
029E:  MOVWF  0A
02A0:  BRA    02B8
....................              else if((kbd & ROW2)==0) 
02A2:  MOVF   F81,W
02A4:  ANDLW  40
02A6:  BNZ   02AE
....................                row=2; 
02A8:  MOVLW  02
02AA:  MOVWF  0A
02AC:  BRA    02B8
....................              else if((kbd & ROW3)==0) 
02AE:  MOVF   F81,W
02B0:  ANDLW  80
02B2:  BNZ   02B8
....................                row=3; 
02B4:  MOVLW  03
02B6:  MOVWF  0A
....................              last_key =KEYS[row][col]; 
02B8:  MOVF   0A,W
02BA:  MULLW  04
02BC:  MOVF   FF3,W
02BE:  CLRF   0C
02C0:  MOVWF  0B
02C2:  CLRF   03
02C4:  MOVF   07,W
02C6:  ADDWF  0B,W
02C8:  MOVWF  01
02CA:  MOVF   0C,W
02CC:  ADDWFC 03,F
02CE:  MOVF   01,W
02D0:  MOVFF  FF2,0B
02D4:  BCF    FF2.7
02D6:  RCALL  0004
02D8:  BTFSC  0B.7
02DA:  BSF    FF2.7
02DC:  MOVWF  06
....................              kbd_down = true; 
02DE:  BSF    05.0
....................           } else { 
02E0:  BRA    02EC
....................              ++col; 
02E2:  INCF   07,F
....................              if(col==4) 
02E4:  MOVF   07,W
02E6:  SUBLW  04
02E8:  BNZ   02EC
....................                col=0; 
02EA:  CLRF   07
....................           } 
....................        } 
....................       kbd_call_count=0; 
02EC:  CLRF   04
....................    } 
....................   set_tris_kbd(ALL_PINS); 
02EE:  MOVLW  FF
02F0:  MOVWF  F93
....................   return(kchar); 
02F2:  MOVFF  09,01
02F6:  GOTO   0394 (RETURN)
.................... } 
....................  
....................  
.................... void main() 
*
033C:  CLRF   FF8
033E:  BCF    FD0.7
0340:  MOVF   FC1,W
0342:  ANDLW  C0
0344:  IORLW  0F
0346:  MOVWF  FC1
0348:  MOVLW  07
034A:  MOVWF  FB4
034C:  BCF    05.0
034E:  CLRF   04
0350:  BCF    05.0
0352:  CLRF   06
0354:  CLRF   07
.................... { 
....................    lcd_init(); 
0356:  BRA    012C
....................    delay_ms(100); 
0358:  MOVLW  64
035A:  MOVWF  0E
035C:  RCALL  005C
....................     
....................    kbd_init();//inicializo el teclado, comienza a leer 
035E:  BRA    01A4
....................    port_b_pullups(TRUE); //es necesario activar las resistencias pull up del puerto B 
0360:  BCF    FF1.7
....................        
....................    printf(lcd_putc, "\fComenzando"); 
0362:  MOVLW  24
0364:  MOVWF  FF6
0366:  MOVLW  00
0368:  MOVWF  FF7
036A:  RCALL  021A
....................    delay_ms(500); 
036C:  MOVLW  02
036E:  MOVWF  09
0370:  MOVLW  FA
0372:  MOVWF  0E
0374:  RCALL  005C
0376:  DECFSZ 09,F
0378:  BRA    0370
....................    printf(lcd_putc, "\fPresiona alguna\ntecla"); 
037A:  MOVLW  30
037C:  MOVWF  FF6
037E:  MOVLW  00
0380:  MOVWF  FF7
0382:  RCALL  021A
....................    delay_ms(500); 
0384:  MOVLW  02
0386:  MOVWF  09
0388:  MOVLW  FA
038A:  MOVWF  0E
038C:  RCALL  005C
038E:  DECFSZ 09,F
0390:  BRA    0388
....................     
....................    char tecla; 
....................     
....................    while(TRUE) 
....................    { 
....................       tecla = kbd_getc(); 
0392:  BRA    023A
0394:  MOVFF  01,08
....................        
....................       if(tecla != 0){ 
0398:  MOVF   08,F
039A:  BZ    03B0
....................          printf(lcd_putc, "\fTecla pulsada: %c", tecla); 
039C:  MOVLW  48
039E:  MOVWF  FF6
03A0:  MOVLW  00
03A2:  MOVWF  FF7
03A4:  MOVLW  10
03A6:  MOVWF  09
03A8:  BRA    031C
03AA:  MOVFF  08,0C
03AE:  RCALL  01CA
....................       }   
03B0:  BRA    0392
....................        
....................        
....................    } 
....................  
.................... } 
03B2:  SLEEP 

Configuration Fuses:
   Word  1: CC04   PLL5 CPUDIV1 NOUSBDIV HS FCMEN IESO
   Word  2: 0E38   PUT NOBROWNOUT BORV21 VREGEN NOWDT WDT128
   Word  3: 8700   CCP2C1 PBADEN LPT1OSC MCLR
   Word  4: 00A1   STVREN NOLVP ICSP2 NOXINST NODEBUG
   Word  5: C00F   NOPROTECT NOCPB NOCPD
   Word  6: E00F   NOWRT NOWRTC NOWRTB NOWRTD
   Word  7: 400F   NOEBTR NOEBTRB
